Archive member included to satisfy reference by file (symbol)

app/libapp.a(main.c.obj)      (--whole-archive)
zephyr/libzephyr.a(cbprintf.c.obj)
                              (--whole-archive)
zephyr/libzephyr.a(cbprintf_packaged.c.obj)
                              (--whole-archive)
zephyr/libzephyr.a(crc32c_sw.c.obj)
                              (--whole-archive)
zephyr/libzephyr.a(crc32_sw.c.obj)
                              (--whole-archive)
zephyr/libzephyr.a(crc16_sw.c.obj)
                              (--whole-archive)
zephyr/libzephyr.a(crc8_sw.c.obj)
                              (--whole-archive)
zephyr/libzephyr.a(crc7_sw.c.obj)
                              (--whole-archive)
zephyr/libzephyr.a(dec.c.obj)
                              (--whole-archive)
zephyr/libzephyr.a(fdtable.c.obj)
                              (--whole-archive)
zephyr/libzephyr.a(hex.c.obj)
                              (--whole-archive)
zephyr/libzephyr.a(notify.c.obj)
                              (--whole-archive)
zephyr/libzephyr.a(printk.c.obj)
                              (--whole-archive)
zephyr/libzephyr.a(onoff.c.obj)
                              (--whole-archive)
zephyr/libzephyr.a(rb.c.obj)  (--whole-archive)
zephyr/libzephyr.a(sem.c.obj)
                              (--whole-archive)
zephyr/libzephyr.a(thread_entry.c.obj)
                              (--whole-archive)
zephyr/libzephyr.a(timeutil.c.obj)
                              (--whole-archive)
zephyr/libzephyr.a(heap.c.obj)
                              (--whole-archive)
zephyr/libzephyr.a(heap-validate.c.obj)
                              (--whole-archive)
zephyr/libzephyr.a(bitarray.c.obj)
                              (--whole-archive)
zephyr/libzephyr.a(multi_heap.c.obj)
                              (--whole-archive)
zephyr/libzephyr.a(cbprintf_complete.c.obj)
                              (--whole-archive)
zephyr/libzephyr.a(configs.c.obj)
                              (--whole-archive)
zephyr/libzephyr.a(soc_nrf_common.S.obj)
                              (--whole-archive)
zephyr/libzephyr.a(validate_base_addresses.c.obj)
                              (--whole-archive)
zephyr/libzephyr.a(validate_enabled_instances.c.obj)
                              (--whole-archive)
zephyr/libzephyr.a(power.c.obj)
                              (--whole-archive)
zephyr/libzephyr.a(pm_ctrl.c.obj)
                              (--whole-archive)
zephyr/libzephyr.a(policy_residency.c.obj)
                              (--whole-archive)
zephyr/libzephyr.a(tracing_none.c.obj)
                              (--whole-archive)
zephyr/arch/common/libarch__common.a(sw_isr_common.c.obj)
                              (--whole-archive)
zephyr/arch/arch/arm/core/aarch32/libarch__arm__core__aarch32.a(cpu_idle.S.obj)
                              (--whole-archive)
zephyr/arch/arch/arm/core/aarch32/libarch__arm__core__aarch32.a(fatal.c.obj)
                              (--whole-archive)
zephyr/arch/arch/arm/core/aarch32/libarch__arm__core__aarch32.a(irq_manage.c.obj)
                              (--whole-archive)
zephyr/arch/arch/arm/core/aarch32/libarch__arm__core__aarch32.a(nmi.c.obj)
                              (--whole-archive)
zephyr/arch/arch/arm/core/aarch32/libarch__arm__core__aarch32.a(nmi_on_reset.S.obj)
                              (--whole-archive)
zephyr/arch/arch/arm/core/aarch32/libarch__arm__core__aarch32.a(prep_c.c.obj)
                              (--whole-archive)
zephyr/arch/arch/arm/core/aarch32/libarch__arm__core__aarch32.a(swap.c.obj)
                              (--whole-archive)
zephyr/arch/arch/arm/core/aarch32/libarch__arm__core__aarch32.a(swap_helper.S.obj)
                              (--whole-archive)
zephyr/arch/arch/arm/core/aarch32/libarch__arm__core__aarch32.a(thread.c.obj)
                              (--whole-archive)
zephyr/arch/arch/arm/core/aarch32/libarch__arm__core__aarch32.a(isr_wrapper.S.obj)
                              (--whole-archive)
zephyr/arch/arch/arm/core/aarch32/cortex_m/libarch__arm__core__aarch32__cortex_m.a(exc_exit.S.obj)
                              (--whole-archive)
zephyr/arch/arch/arm/core/aarch32/cortex_m/libarch__arm__core__aarch32__cortex_m.a(fault.c.obj)
                              (--whole-archive)
zephyr/arch/arch/arm/core/aarch32/cortex_m/libarch__arm__core__aarch32__cortex_m.a(fault_s.S.obj)
                              (--whole-archive)
zephyr/arch/arch/arm/core/aarch32/cortex_m/libarch__arm__core__aarch32__cortex_m.a(fpu.c.obj)
                              (--whole-archive)
zephyr/arch/arch/arm/core/aarch32/cortex_m/libarch__arm__core__aarch32__cortex_m.a(irq_init.c.obj)
                              (--whole-archive)
zephyr/arch/arch/arm/core/aarch32/cortex_m/libarch__arm__core__aarch32__cortex_m.a(reset.S.obj)
                              (--whole-archive)
zephyr/arch/arch/arm/core/aarch32/cortex_m/libarch__arm__core__aarch32__cortex_m.a(scb.c.obj)
[...]
Memory Configuration

Name             Origin             Length             Attributes
FLASH            0x0000000000000000 0x0000000000080000 xr
SRAM             0x0000000020000000 0x0000000000010000 xw
IDT_LIST         0x00000000fffff7ff 0x0000000000000800 xw
*default*        0x0000000000000000 0xffffffffffffffff

Linker script and memory map

LOAD zephyr/CMakeFiles/zephyr_final.dir/misc/empty_file.c.obj
LOAD zephyr/CMakeFiles/zephyr_final.dir/isr_tables.c.obj
LOAD zephyr/CMakeFiles/zephyr_final.dir/dev_handles.c.obj
LOAD zephyr/CMakeFiles/offsets.dir/./arch/arm/core/offsets/offsets.c.obj
                0x0000000000000020                _region_min_align = 0x20

.rel.plt        0x0000000000000000        0x0
 *(SORT_BY_ALIGNMENT(.rel.plt))
                [!provide]                        PROVIDE (__rel_iplt_start = .)
 *(SORT_BY_ALIGNMENT(.rel.iplt))
 .rel.iplt      0x0000000000000000        0x0 zephyr/CMakeFiles/zephyr_final.dir/isr_tables.c.obj
                [!provide]                        PROVIDE (__rel_iplt_end = .)

.rela.plt       0x0000000000000000        0x0
 *(SORT_BY_ALIGNMENT(.rela.plt))
                [!provide]                        PROVIDE (__rela_iplt_start = .)
 *(SORT_BY_ALIGNMENT(.rela.iplt))
                [!provide]                        PROVIDE (__rela_iplt_end = .)

.rel.dyn
 *(SORT_BY_ALIGNMENT(.rel.*))

.rela.dyn
 *(SORT_BY_ALIGNMENT(.rela.*))

/DISCARD/
 *(SORT_BY_ALIGNMENT(.plt))
 *(SORT_BY_ALIGNMENT(.iplt))
 *(SORT_BY_ALIGNMENT(.got.plt))
 *(SORT_BY_ALIGNMENT(.igot.plt))
 *(SORT_BY_ALIGNMENT(.got))
 *(SORT_BY_ALIGNMENT(.igot))
 *(SORT_BY_ALIGNMENT(.irq_info*))
 *(SORT_BY_ALIGNMENT(.intList*))
 *(SORT_BY_ALIGNMENT(.note.GNU-stack))
                0x0000000000000000                __rom_region_start = 0x0

rom_start       0x0000000000000000       0xdc
                0x0000000000000000                . = 0x0
                0x0000000000000000                . = ALIGN (0x4)
                0x0000000000000000                . = ALIGN (0x80)
                0x0000000000000000                . = ALIGN (0x100)
                0x0000000000000000                _vector_start = .
 *(SORT_BY_ALIGNMENT(.exc_vector_table))
 *(SORT_BY_ALIGNMENT(.exc_vector_table.*))
 .exc_vector_table._vector_table_section
                0x0000000000000000       0x40 zephyr/arch/arch/arm/core/aarch32/cortex_m/libarch__arm__core__aarch32__cortex_m.a(vector_table.S.obj)
                0x0000000000000000                _vector_table
 *(SORT_BY_ALIGNMENT(.gnu.linkonce.irq_vector_table*))
 .gnu.linkonce.irq_vector_table
                0x0000000000000040       0x9c zephyr/CMakeFiles/zephyr_final.dir/isr_tables.c.obj
                0x0000000000000040                _irq_vector_table
 *(SORT_BY_ALIGNMENT(.vectors))
                0x00000000000000dc                _vector_end = .

text            0x00000000000000e0     0x64a0
                0x00000000000000e0                __text_region_start = .
 *(SORT_BY_ALIGNMENT(.text))
 .text          0x00000000000000e0      0x378 /home/osboxes/zephyr-sdk-0.13.1/arm-zephyr-eabi/bin/../lib/gcc/arm-zephyr-eabi/10.3.0/thumb/v7e-m/nofp/libgcc.a(_arm_addsubdf3.o)
                0x00000000000000e0                __aeabi_drsub
                0x00000000000000e8                __aeabi_dsub
                0x00000000000000e8                __subdf3
                0x00000000000000ec                __adddf3
                0x00000000000000ec                __aeabi_dadd
                0x0000000000000364                __aeabi_ui2d
                0x0000000000000364                __floatunsidf
                0x0000000000000384                __floatsidf
                0x0000000000000384                __aeabi_i2d
                0x00000000000003a8                __extendsfdf2
                0x00000000000003a8                __aeabi_f2d
                0x00000000000003ec                __aeabi_ul2d
                0x00000000000003ec                __floatundidf
                0x00000000000003fc                __floatdidf
                0x00000000000003fc                __aeabi_l2d
 .text          0x0000000000000458      0x424 /home/osboxes/zephyr-sdk-0.13.1/arm-zephyr-eabi/bin/../lib/gcc/arm-zephyr-eabi/10.3.0/thumb/v7e-m/nofp/libgcc.a(_arm_muldivdf3.o)
                0x0000000000000458                __aeabi_dmul
                0x0000000000000458                __muldf3
                0x00000000000006ac                __aeabi_ddiv
                0x00000000000006ac                __divdf3
 .text          0x000000000000087c       0x30 /home/osboxes/zephyr-sdk-0.13.1/arm-zephyr-eabi/bin/../lib/gcc/arm-zephyr-eabi/10.3.0/thumb/v7e-m/nofp/libgcc.a(_aeabi_uldivmod.o)
                0x000000000000087c                __aeabi_uldivmod
 .text          0x00000000000008ac        0x4 /home/osboxes/zephyr-sdk-0.13.1/arm-zephyr-eabi/bin/../lib/gcc/arm-zephyr-eabi/10.3.0/thumb/v7e-m/nofp/libgcc.a(_dvmd_tls.o)
                0x00000000000008ac                __aeabi_ldiv0
                0x00000000000008ac                __aeabi_idiv0
 .text          0x00000000000008b0      0x2a6 /home/osboxes/zephyr-sdk-0.13.1/arm-zephyr-eabi/bin/../lib/gcc/arm-zephyr-eabi/10.3.0/thumb/v7e-m/nofp/libgcc.a(_udivmoddi4.o)
                0x00000000000008b0                __udivmoddi4
 *(SORT_BY_ALIGNMENT(.text.*))
 *fill*         0x0000000000000b56        0x2 
 .text.main     0x0000000000000b58      0x14c app/libapp.a(main.c.obj)
                0x0000000000000b58                main
 .text.trigger_handler
                0x0000000000000ca4        0xc app/libapp.a(main.c.obj)
 .text.char_out
                0x0000000000000cb0       0x10 zephyr/libzephyr.a(printk.c.obj)
 .text.__printk_hook_install
                0x0000000000000cc0        0xc zephyr/libzephyr.a(printk.c.obj)
                0x0000000000000cc0                __printk_hook_install
 .text.vprintk  0x0000000000000ccc       0x1c zephyr/libzephyr.a(printk.c.obj)
                0x0000000000000ccc                vprintk
 .text.process_event
                0x0000000000000ce8      0x1c0 zephyr/libzephyr.a(onoff.c.obj)
 .text.cbvprintf
                0x0000000000000ea8      0xd08 zephyr/libzephyr.a(cbprintf_complete.c.obj)
                0x0000000000000ea8                cbvprintf
 .text.pm_state_notify
                0x0000000000001bb0       0x44 zephyr/libzephyr.a(power.c.obj)
 .text.pm_system_resume
                0x0000000000001bf4       0x4c zephyr/libzephyr.a(power.c.obj)
                0x0000000000001bf4                pm_system_resume
 .text.pm_system_suspend
                0x0000000000001c40       0x88 zephyr/libzephyr.a(power.c.obj)
                0x0000000000001c40                pm_system_suspend
 .text.z_arm_cpu_idle_init
                0x0000000000001cc8        0xc zephyr/arch/arch/arm/core/aarch32/libarch__arm__core__aarch32.a(cpu_idle.S.obj)
                0x0000000000001cc8                z_arm_cpu_idle_init
 .text.arch_cpu_idle
                0x0000000000001cd4       0x1c zephyr/arch/arch/arm/core/aarch32/libarch__arm__core__aarch32.a(cpu_idle.S.obj)
                0x0000000000001cd4                arch_cpu_idle
 .text.arch_cpu_atomic_idle
                0x0000000000001cf0       0x14 zephyr/arch/arch/arm/core/aarch32/libarch__arm__core__aarch32.a(cpu_idle.S.obj)
                0x0000000000001cf0                arch_cpu_atomic_idle
 .text.arch_irq_enable
                0x0000000000001d04       0x20 zephyr/arch/arch/arm/core/aarch32/libarch__arm__core__aarch32.a(irq_manage.c.obj)
                0x0000000000001d04                arch_irq_enable
 .text.arch_irq_is_enabled
                0x0000000000001d24       0x1c zephyr/arch/arch/arm/core/aarch32/libarch__arm__core__aarch32.a(irq_manage.c.obj)
                0x0000000000001d24                arch_irq_is_enabled
 .text.z_arm_irq_priority_set
                0x0000000000001d40       0x30 zephyr/arch/arch/arm/core/aarch32/libarch__arm__core__aarch32.a(irq_manage.c.obj)
                0x0000000000001d40                z_arm_irq_priority_set
 .text.z_SysNmiOnReset
                0x0000000000001d70        0x8 zephyr/arch/arch/arm/core/aarch32/libarch__arm__core__aarch32.a(nmi_on_reset.S.obj)
                0x0000000000001d70                z_SysNmiOnReset
 .text.z_arm_prep_c
                0x0000000000001d78       0x48 zephyr/arch/arch/arm/core/aarch32/libarch__arm__core__aarch32.a(prep_c.c.obj)
                0x0000000000001d78                z_arm_prep_c
 .text.arch_swap
                0x0000000000001dc0       0x34 zephyr/arch/arch/arm/core/aarch32/libarch__arm__core__aarch32.a(swap.c.obj)
                0x0000000000001dc0                arch_swap
 .text.z_arm_pendsv
                0x0000000000001df4       0x54 zephyr/arch/arch/arm/core/aarch32/libarch__arm__core__aarch32.a(swap_helper.S.obj)
                0x0000000000001df4                z_arm_pendsv
 .text.z_arm_svc
                0x0000000000001e48       0x20 zephyr/arch/arch/arm/core/aarch32/libarch__arm__core__aarch32.a(swap_helper.S.obj)
                0x0000000000001e48                z_arm_svc
 .text.arch_new_thread
                0x0000000000001e68       0x38 zephyr/arch/arch/arm/core/aarch32/libarch__arm__core__aarch32.a(thread.c.obj)
                0x0000000000001e68                arch_new_thread
 .text.z_check_thread_stack_fail
                0x0000000000001ea0       0x2c zephyr/arch/arch/arm/core/aarch32/libarch__arm__core__aarch32.a(thread.c.obj)
                0x0000000000001ea0                z_check_thread_stack_fail
 .text.arch_switch_to_main_thread
                0x0000000000001ecc       0x2c zephyr/arch/arch/arm/core/aarch32/libarch__arm__core__aarch32.a(thread.c.obj)
                0x0000000000001ecc                arch_switch_to_main_thread
 .text._isr_wrapper
                0x0000000000001ef8       0x40 zephyr/arch/arch/arm/core/aarch32/libarch__arm__core__aarch32.a(isr_wrapper.S.obj)
                0x0000000000001ef8                _isr_wrapper
 .text._HandlerModeExit
                0x0000000000001f38       0x1c zephyr/arch/arch/arm/core/aarch32/cortex_m/libarch__arm__core__aarch32__cortex_m.a(exc_exit.S.obj)
                0x0000000000001f38                z_arm_exc_exit
                0x0000000000001f38                z_arm_int_exit
 .text.mem_manage_fault
                0x0000000000001f54       0x6c zephyr/arch/arch/arm/core/aarch32/cortex_m/libarch__arm__core__aarch32__cortex_m.a(fault.c.obj)
 .text.bus_fault.constprop.0
                0x0000000000001fc0       0x3c zephyr/arch/arch/arm/core/aarch32/cortex_m/libarch__arm__core__aarch32__cortex_m.a(fault.c.obj)
 .text.z_arm_fault
                0x0000000000001ffc      0x128 zephyr/arch/arch/arm/core/aarch32/cortex_m/libarch__arm__core__aarch32__cortex_m.a(fault.c.obj)
                0x0000000000001ffc                z_arm_fault
 .text.z_arm_fault_init
                0x0000000000002124       0x10 zephyr/arch/arch/arm/core/aarch32/cortex_m/libarch__arm__core__aarch32__cortex_m.a(fault.c.obj)
                0x0000000000002124                z_arm_fault_init
 .text.__fault  0x0000000000002134       0x14 zephyr/arch/arch/arm/core/aarch32/cortex_m/libarch__arm__core__aarch32__cortex_m.a(fault_s.S.obj)
                0x0000000000002134                z_arm_bus_fault
                0x0000000000002134                z_arm_usage_fault
                0x0000000000002134                z_arm_mpu_fault
                0x0000000000002134                z_arm_exc_spurious
                0x0000000000002134                z_arm_debug_monitor
                0x0000000000002134                z_arm_hard_fault
 .text.z_arm_interrupt_init
                0x0000000000002148       0x18 zephyr/arch/arch/arm/core/aarch32/cortex_m/libarch__arm__core__aarch32__cortex_m.a(irq_init.c.obj)
                0x0000000000002148                z_arm_interrupt_init
 .text._reset_section
                0x0000000000002160       0x30 zephyr/arch/arch/arm/core/aarch32/cortex_m/libarch__arm__core__aarch32__cortex_m.a(reset.S.obj)
                0x0000000000002160                z_arm_reset
                0x0000000000002160                __start
 .text.z_impl_k_thread_abort
                0x0000000000002190       0x24 zephyr/arch/arch/arm/core/aarch32/cortex_m/libarch__arm__core__aarch32__cortex_m.a(thread_abort.c.obj)
                0x0000000000002190                z_impl_k_thread_abort
 .text.z_arm_configure_static_mpu_regions
                0x00000000000021b4       0x18 zephyr/arch/arch/arm/core/aarch32/mpu/libarch__arm__core__aarch32__mpu.a(arm_core_mpu.c.obj)
                0x00000000000021b4                z_arm_configure_static_mpu_regions
 .text.z_arm_configure_dynamic_mpu_regions
                0x00000000000021cc       0x20 zephyr/arch/arch/arm/core/aarch32/mpu/libarch__arm__core__aarch32__mpu.a(arm_core_mpu.c.obj)
                0x00000000000021cc                z_arm_configure_dynamic_mpu_regions
 .text.mpu_configure_regions
                0x00000000000021ec       0x84 zephyr/arch/arch/arm/core/aarch32/mpu/libarch__arm__core__aarch32__mpu.a(arm_mpu.c.obj)
 .text.arm_core_mpu_enable
                0x0000000000002270       0x18 zephyr/arch/arch/arm/core/aarch32/mpu/libarch__arm__core__aarch32__mpu.a(arm_mpu.c.obj)
                0x0000000000002270                arm_core_mpu_enable
 .text.arm_core_mpu_disable
                0x0000000000002288       0x14 zephyr/arch/arch/arm/core/aarch32/mpu/libarch__arm__core__aarch32__mpu.a(arm_mpu.c.obj)
                0x0000000000002288                arm_core_mpu_disable
 .text.arm_core_mpu_configure_static_mpu_regions
                0x000000000000229c       0x14 zephyr/arch/arch/arm/core/aarch32/mpu/libarch__arm__core__aarch32__mpu.a(arm_mpu.c.obj)
                0x000000000000229c                arm_core_mpu_configure_static_mpu_regions
 .text.arm_core_mpu_configure_dynamic_mpu_regions
                0x00000000000022b0       0x30 zephyr/arch/arch/arm/core/aarch32/mpu/libarch__arm__core__aarch32__mpu.a(arm_mpu.c.obj)
                0x00000000000022b0                arm_core_mpu_configure_dynamic_mpu_regions
 .text.z_arm_mpu_init
                0x00000000000022e0       0x60 zephyr/arch/arch/arm/core/aarch32/mpu/libarch__arm__core__aarch32__mpu.a(arm_mpu.c.obj)
                0x00000000000022e0                z_arm_mpu_init
 .text.__stdout_hook_install
                0x0000000000002340        0xc zephyr/lib/libc/minimal/liblib__libc__minimal.a(stdout_console.c.obj)
                0x0000000000002340                __stdout_hook_install
 .text.nordicsemi_nrf52_init
                0x000000000000234c       0x28 zephyr/soc/arm/nordic_nrf/nrf52/libsoc__arm__nordic_nrf__nrf52.a(soc.c.obj)
 .text.arch_busy_wait
                0x0000000000002374       0x14 zephyr/soc/arm/nordic_nrf/nrf52/libsoc__arm__nordic_nrf__nrf52.a(soc.c.obj)
                0x0000000000002374                arch_busy_wait
 .text.pwr_ctrl_init
                0x0000000000002388       0x48 zephyr/boards/arm/thingy52_nrf52832/libboards__arm__thingy52_nrf52832.a(board.c.obj)
 .text.onoff_stop
                0x00000000000023d0       0x30 zephyr/drivers/clock_control/libdrivers__clock_control.a(clock_control_nrf.c.obj)
 .text.onoff_start
                0x0000000000002400       0x44 zephyr/drivers/clock_control/libdrivers__clock_control.a(clock_control_nrf.c.obj)
 .text.clk_init
                0x0000000000002444       0x60 zephyr/drivers/clock_control/libdrivers__clock_control.a(clock_control_nrf.c.obj)
 .text.clkstarted_handle.constprop.0
                0x00000000000024a4       0x34 zephyr/drivers/clock_control/libdrivers__clock_control.a(clock_control_nrf.c.obj)
 .text.clock_event_handler
                0x00000000000024d8       0x1c zephyr/drivers/clock_control/libdrivers__clock_control.a(clock_control_nrf.c.obj)
 .text.generic_hfclk_start
                0x00000000000024f4       0x64 zephyr/drivers/clock_control/libdrivers__clock_control.a(clock_control_nrf.c.obj)
 .text.api_blocking_start
                0x0000000000002558       0x34 zephyr/drivers/clock_control/libdrivers__clock_control.a(clock_control_nrf.c.obj)
 .text.lfclk_start
                0x000000000000258c       0x24 zephyr/drivers/clock_control/libdrivers__clock_control.a(clock_control_nrf.c.obj)
 .text.generic_hfclk_stop
                0x00000000000025b0       0x2c zephyr/drivers/clock_control/libdrivers__clock_control.a(clock_control_nrf.c.obj)
 .text.z_nrf_clock_control_lf_on
                0x00000000000025dc      0x100 zephyr/drivers/clock_control/libdrivers__clock_control.a(clock_control_nrf.c.obj)
                0x00000000000025dc                z_nrf_clock_control_lf_on
 .text.rtt_console_init
                0x00000000000026dc       0x18 zephyr/drivers/console/libdrivers__console.a(rtt_console.c.obj)
 .text.rtt_console_out
                0x00000000000026f4       0x58 zephyr/drivers/console/libdrivers__console.a(rtt_console.c.obj)
 .text.gpio_nrfx_init
                0x000000000000274c       0x30 zephyr/drivers/gpio/libdrivers__gpio.a(gpio_nrfx.c.obj)
 .text.gpio_nrfx_pin_interrupt_configure
                0x000000000000277c      0x1a8 zephyr/drivers/gpio/libdrivers__gpio.a(gpio_nrfx.c.obj)
 .text.gpio_nrfx_config
                0x0000000000002924       0xb8 zephyr/drivers/gpio/libdrivers__gpio.a(gpio_nrfx.c.obj)
 .text.gpiote_event_handler
                0x00000000000029dc      0x11c zephyr/drivers/gpio/libdrivers__gpio.a(gpio_nrfx.c.obj)
 .text.i2c_nrfx_twim_recover_bus
                0x0000000000002af8       0x20 zephyr/drivers/i2c/libdrivers__i2c.a(i2c_nrfx_twim.c.obj)
 .text.twim_0_init
                0x0000000000002b18       0x34 zephyr/drivers/i2c/libdrivers__i2c.a(i2c_nrfx_twim.c.obj)
 .text.event_handler
                0x0000000000002b4c       0x34 zephyr/drivers/i2c/libdrivers__i2c.a(i2c_nrfx_twim.c.obj)
 .text.twim_1_init
                0x0000000000002b80       0x34 zephyr/drivers/i2c/libdrivers__i2c.a(i2c_nrfx_twim.c.obj)
 .text.i2c_nrfx_twim_transfer
                0x0000000000002bb4      0x198 zephyr/drivers/i2c/libdrivers__i2c.a(i2c_nrfx_twim.c.obj)
 .text.hts221_channel_get
                0x0000000000002d4c       0x90 zephyr/drivers/sensor/hts221/libdrivers__sensor__hts221.a(hts221.c.obj)
 .text.hts221_init
                0x0000000000002ddc      0x154 zephyr/drivers/sensor/hts221/libdrivers__sensor__hts221.a(hts221.c.obj)
                0x0000000000002ddc                hts221_init
 .text.hts221_init_interrupt
                0x0000000000002f30       0xd0 zephyr/drivers/sensor/hts221/libdrivers__sensor__hts221.a(hts221_trigger.c.obj)
                0x0000000000002f30                hts221_init_interrupt
 .text.regulator_fixed_init_onoff
                0x0000000000003000       0x30 zephyr/drivers/regulator/libdrivers__regulator.a(regulator_fixed.c.obj)
 .text.finalize_transition
                0x0000000000003030       0x78 zephyr/drivers/regulator/libdrivers__regulator.a(regulator_fixed.c.obj)
 .text.uarte_nrfx_configure
                0x00000000000030a8      0x160 zephyr/drivers/serial/libdrivers__serial.a(uart_nrfx_uarte.c.obj)
 .text.uarte_nrfx_poll_out
                0x0000000000003208       0xc4 zephyr/drivers/serial/libdrivers__serial.a(uart_nrfx_uarte.c.obj)
 .text.uarte_0_init
                0x00000000000032cc      0x14c zephyr/drivers/serial/libdrivers__serial.a(uart_nrfx_uarte.c.obj)
 .text.sys_clock_timeout_handler
                0x0000000000003418       0x18 zephyr/drivers/timer/libdrivers__timer.a(nrf_rtc_timer.c.obj)
 .text.set_absolute_alarm
                0x0000000000003430       0x94 zephyr/drivers/timer/libdrivers__timer.a(nrf_rtc_timer.c.obj)
 .text.rtc_nrf_isr
                0x00000000000034c4       0x60 zephyr/drivers/timer/libdrivers__timer.a(nrf_rtc_timer.c.obj)
                0x00000000000034c4                rtc_nrf_isr
 .text.sys_clock_driver_init
                0x0000000000003524       0x4c zephyr/drivers/timer/libdrivers__timer.a(nrf_rtc_timer.c.obj)
                0x0000000000003524                sys_clock_driver_init
 .text.sys_clock_set_timeout
                0x0000000000003570       0x64 zephyr/drivers/timer/libdrivers__timer.a(nrf_rtc_timer.c.obj)
                0x0000000000003570                sys_clock_set_timeout
 .text.sys_clock_elapsed
                0x00000000000035d4       0x1c zephyr/drivers/timer/libdrivers__timer.a(nrf_rtc_timer.c.obj)
                0x00000000000035d4                sys_clock_elapsed
 .text.nrf52_errata_16
                0x00000000000035f0       0x28 modules/hal_nordic/nrfx/libmodules__hal_nordic__nrfx.a(system_nrf52.c.obj)
 .text.nvmc_wait
                0x0000000000003618       0x10 modules/hal_nordic/nrfx/libmodules__hal_nordic__nrfx.a(system_nrf52.c.obj)
                0x0000000000003618                nvmc_wait
 .text.SystemInit
                0x0000000000003628      0x288 modules/hal_nordic/nrfx/libmodules__hal_nordic__nrfx.a(system_nrf52.c.obj)
                0x0000000000003628                SystemInit
 .text.nrfx_clock_init
                0x00000000000038b0       0x20 modules/hal_nordic/nrfx/libmodules__hal_nordic__nrfx.a(nrfx_clock.c.obj)
                0x00000000000038b0                nrfx_clock_init
 .text.nrfx_clock_start
                0x00000000000038d0       0x90 modules/hal_nordic/nrfx/libmodules__hal_nordic__nrfx.a(nrfx_clock.c.obj)
                0x00000000000038d0                nrfx_clock_start
 .text.nrfx_clock_stop
                0x0000000000003960       0x78 modules/hal_nordic/nrfx/libmodules__hal_nordic__nrfx.a(nrfx_clock.c.obj)
                0x0000000000003960                nrfx_clock_stop
 .text.nrfx_power_clock_irq_handler
                0x00000000000039d8       0x68 modules/hal_nordic/nrfx/libmodules__hal_nordic__nrfx.a(nrfx_clock.c.obj)
                0x00000000000039d8                nrfx_power_clock_irq_handler
 .text.nrfx_gpiote_channel_free
                0x0000000000003a40       0x40 modules/hal_nordic/nrfx/libmodules__hal_nordic__nrfx.a(nrfx_gpiote.c.obj)
                0x0000000000003a40                nrfx_gpiote_channel_free
 .text.nrfx_gpiote_channel_alloc
                0x0000000000003a80       0x70 modules/hal_nordic/nrfx/libmodules__hal_nordic__nrfx.a(nrfx_gpiote.c.obj)
                0x0000000000003a80                nrfx_gpiote_channel_alloc
 .text.nrfx_ppi_channel_alloc
                0x0000000000003af0       0x68 modules/hal_nordic/nrfx/libmodules__hal_nordic__nrfx.a(nrfx_ppi.c.obj)
                0x0000000000003af0                nrfx_ppi_channel_alloc
 .text.twim_irq_handler
                0x0000000000003b58      0x17c modules/hal_nordic/nrfx/libmodules__hal_nordic__nrfx.a(nrfx_twim.c.obj)
 .text.nrfx_twim_init
                0x0000000000003cd4       0x8c modules/hal_nordic/nrfx/libmodules__hal_nordic__nrfx.a(nrfx_twim.c.obj)
                0x0000000000003cd4                nrfx_twim_init
 .text.nrfx_twim_enable
                0x0000000000003d60       0x20 modules/hal_nordic/nrfx/libmodules__hal_nordic__nrfx.a(nrfx_twim.c.obj)
                0x0000000000003d60                nrfx_twim_enable
 .text.nrfx_twim_disable
                0x0000000000003d80       0x3c modules/hal_nordic/nrfx/libmodules__hal_nordic__nrfx.a(nrfx_twim.c.obj)
                0x0000000000003d80                nrfx_twim_disable
 .text.nrfx_twim_xfer
                0x0000000000003dbc      0x2fc modules/hal_nordic/nrfx/libmodules__hal_nordic__nrfx.a(nrfx_twim.c.obj)
                0x0000000000003dbc                nrfx_twim_xfer
 .text.nrfx_twim_0_irq_handler
                0x00000000000040b8       0x10 modules/hal_nordic/nrfx/libmodules__hal_nordic__nrfx.a(nrfx_twim.c.obj)
                0x00000000000040b8                nrfx_twim_0_irq_handler
 .text.nrfx_twim_1_irq_handler
                0x00000000000040c8       0x10 modules/hal_nordic/nrfx/libmodules__hal_nordic__nrfx.a(nrfx_twim.c.obj)
                0x00000000000040c8                nrfx_twim_1_irq_handler
 .text.nrfx_twi_twim_bus_recover
                0x00000000000040d8       0x90 modules/hal_nordic/nrfx/libmodules__hal_nordic__nrfx.a(nrfx_twi_twim.c.obj)
                0x00000000000040d8                nrfx_twi_twim_bus_recover
 .text._DoInit  0x0000000000004168       0x6c modules/segger/libmodules__segger.a(SEGGER_RTT.c.obj)
 .text.SEGGER_RTT_WriteNoLock
                0x00000000000041d4       0x60 modules/segger/libmodules__segger.a(SEGGER_RTT.c.obj)
                0x00000000000041d4                SEGGER_RTT_WriteNoLock
 .text.z_sys_init_run_level
                0x0000000000004234       0x40 zephyr/kernel/libkernel.a(device.c.obj)
                0x0000000000004234                z_sys_init_run_level
 .text.z_impl_device_get_binding
                0x0000000000004274       0x54 zephyr/kernel/libkernel.a(device.c.obj)
                0x0000000000004274                z_impl_device_get_binding
 .text.init_idle_thread
                0x00000000000042c8       0x58 zephyr/kernel/libkernel.a(init.c.obj)
 .text.bg_thread_main
                0x0000000000004320       0x34 zephyr/kernel/libkernel.a(init.c.obj)
 .text.z_bss_zero
                0x0000000000004354       0x14 zephyr/kernel/libkernel.a(init.c.obj)
                0x0000000000004354                z_bss_zero
 .text.z_cstart
                0x0000000000004368       0xe4 zephyr/kernel/libkernel.a(init.c.obj)
                0x0000000000004368                z_cstart
 .text.z_setup_new_thread
                0x000000000000444c       0x64 zephyr/kernel/libkernel.a(thread.c.obj)
                0x000000000000444c                z_setup_new_thread
 .text.z_impl_k_thread_create
                0x00000000000044b0       0x58 zephyr/kernel/libkernel.a(thread.c.obj)
                0x00000000000044b0                z_impl_k_thread_create
 .text.z_init_static_threads
                0x0000000000004508       0xb8 zephyr/kernel/libkernel.a(thread.c.obj)
                0x0000000000004508                z_init_static_threads
 .text.idle     0x00000000000045c0       0x2c zephyr/kernel/libkernel.a(idle.c.obj)
                0x00000000000045c0                idle
 .text.z_impl_k_sem_give
                0x00000000000045ec       0x40 zephyr/kernel/libkernel.a(sem.c.obj)
                0x00000000000045ec                z_impl_k_sem_give
 .text.z_impl_k_sem_take
                0x000000000000462c       0x50 zephyr/kernel/libkernel.a(sem.c.obj)
                0x000000000000462c                z_impl_k_sem_take
 .text.work_queue_main
                0x000000000000467c      0x12c zephyr/kernel/libkernel.a(work.c.obj)
 .text.submit_to_queue_locked
                0x00000000000047a8       0xa0 zephyr/kernel/libkernel.a(work.c.obj)
 .text.k_work_submit
                0x0000000000004848        0xc zephyr/kernel/libkernel.a(work.c.obj)
                0x0000000000004848                k_work_submit
 .text.k_work_queue_start
                0x0000000000004854       0x70 zephyr/kernel/libkernel.a(work.c.obj)
                0x0000000000004854                k_work_queue_start
 .text.k_work_schedule_for_queue
                0x00000000000048c4       0x54 zephyr/kernel/libkernel.a(work.c.obj)
                0x00000000000048c4                k_work_schedule_for_queue
 .text.k_work_schedule
                0x0000000000004918        0xc zephyr/kernel/libkernel.a(work.c.obj)
                0x0000000000004918                k_work_schedule
 .text.z_reset_time_slice
                0x0000000000004924       0x2c zephyr/kernel/libkernel.a(sched.c.obj)
                0x0000000000004924                z_reset_time_slice
 .text.k_sched_time_slice_set
                0x0000000000004950       0x60 zephyr/kernel/libkernel.a(sched.c.obj)
                0x0000000000004950                k_sched_time_slice_set
 .text.z_reschedule
                0x00000000000049b0       0x24 zephyr/kernel/libkernel.a(sched.c.obj)
                0x00000000000049b0                z_reschedule
 .text.k_sched_lock
                0x00000000000049d4       0x28 zephyr/kernel/libkernel.a(sched.c.obj)
                0x00000000000049d4                k_sched_lock
 .text.update_cache
                0x00000000000049fc       0x40 zephyr/kernel/libkernel.a(sched.c.obj)
 .text.move_thread_to_end_of_prio_q
                0x0000000000004a3c       0x74 zephyr/kernel/libkernel.a(sched.c.obj)
 .text.z_time_slice
                0x0000000000004ab0       0x80 zephyr/kernel/libkernel.a(sched.c.obj)
                0x0000000000004ab0                z_time_slice
 .text.ready_thread
                0x0000000000004b30       0x6c zephyr/kernel/libkernel.a(sched.c.obj)
 .text.z_sched_start
                0x0000000000004b9c       0x3c zephyr/kernel/libkernel.a(sched.c.obj)
                0x0000000000004b9c                z_sched_start
 .text.unready_thread
                0x0000000000004bd8       0x30 zephyr/kernel/libkernel.a(sched.c.obj)
 .text.pend     0x0000000000004c08       0x4c zephyr/kernel/libkernel.a(sched.c.obj)
 .text.z_pend_curr
                0x0000000000004c54       0x28 zephyr/kernel/libkernel.a(sched.c.obj)
                0x0000000000004c54                z_pend_curr
 .text.z_impl_k_thread_suspend
                0x0000000000004c7c       0x64 zephyr/kernel/libkernel.a(sched.c.obj)
                0x0000000000004c7c                z_impl_k_thread_suspend
 .text.k_sched_unlock
                0x0000000000004ce0       0x38 zephyr/kernel/libkernel.a(sched.c.obj)
                0x0000000000004ce0                k_sched_unlock
 .text.z_sched_init
                0x0000000000004d18       0x18 zephyr/kernel/libkernel.a(sched.c.obj)
                0x0000000000004d18                z_sched_init
 .text.z_impl_k_yield
                0x0000000000004d30       0x80 zephyr/kernel/libkernel.a(sched.c.obj)
                0x0000000000004d30                z_impl_k_yield
 .text.z_tick_sleep
                0x0000000000004db0       0x90 zephyr/kernel/libkernel.a(sched.c.obj)
 .text.z_impl_k_sleep
                0x0000000000004e40       0x34 zephyr/kernel/libkernel.a(sched.c.obj)
                0x0000000000004e40                z_impl_k_sleep
 .text.z_impl_z_current_get
                0x0000000000004e74        0xc zephyr/kernel/libkernel.a(sched.c.obj)
                0x0000000000004e74                z_impl_z_current_get
 .text.z_impl_k_is_preempt_thread
                0x0000000000004e80       0x20 zephyr/kernel/libkernel.a(sched.c.obj)
                0x0000000000004e80                z_impl_k_is_preempt_thread
 .text.z_thread_abort
                0x0000000000004ea0       0xa4 zephyr/kernel/libkernel.a(sched.c.obj)
                0x0000000000004ea0                z_thread_abort
 .text.z_sched_wait
                0x0000000000004f44       0x24 zephyr/kernel/libkernel.a(sched.c.obj)
                0x0000000000004f44                z_sched_wait
 .text.z_data_copy
                0x0000000000004f68       0x34 zephyr/kernel/libkernel.a(xip.c.obj)
                0x0000000000004f68                z_data_copy
 .text.elapsed  0x0000000000004f9c       0x14 zephyr/kernel/libkernel.a(timeout.c.obj)
 .text.next_timeout
                0x0000000000004fb0       0x50 zephyr/kernel/libkernel.a(timeout.c.obj)
 .text.remove_timeout
                0x0000000000005000       0x34 zephyr/kernel/libkernel.a(timeout.c.obj)
 .text.z_add_timeout
                0x0000000000005034       0xf4 zephyr/kernel/libkernel.a(timeout.c.obj)
                0x0000000000005034                z_add_timeout
 .text.sys_clock_announce
                0x0000000000005128       0xb8 zephyr/kernel/libkernel.a(timeout.c.obj)
                0x0000000000005128                sys_clock_announce
 .text.sys_clock_tick_get
                0x00000000000051e0       0x30 zephyr/kernel/libkernel.a(timeout.c.obj)
                0x00000000000051e0                sys_clock_tick_get
 .text.boot_banner
                0x0000000000005210       0x18 zephyr/kernel/libkernel.a(banner.c.obj)
                0x0000000000005210                boot_banner
 .text.k_sys_work_q_init
                0x0000000000005228       0x34 zephyr/kernel/libkernel.a(system_work_q.c.obj)
 .text._OffsetAbsSyms
                0x000000000000525c        0x2 zephyr/CMakeFiles/offsets.dir/./arch/arm/core/offsets/offsets.c.obj
                0x000000000000525c                _OffsetAbsSyms
 .text.sys_notify_validate
                0x000000000000525e       0x22 zephyr/libzephyr.a(notify.c.obj)
                0x000000000000525e                sys_notify_validate
 .text.sys_notify_finalize
                0x0000000000005280       0x1a zephyr/libzephyr.a(notify.c.obj)
                0x0000000000005280                sys_notify_finalize
 .text.arch_printk_char_out
                0x000000000000529a        0x4 zephyr/libzephyr.a(printk.c.obj)
                0x000000000000529a                arch_printk_char_out
 .text.printk   0x000000000000529e       0x1a zephyr/libzephyr.a(printk.c.obj)
                0x000000000000529e                printk
 .text.process_recheck
                0x00000000000052b8       0x38 zephyr/libzephyr.a(onoff.c.obj)
 .text.notify_one
                0x00000000000052f0       0x2c zephyr/libzephyr.a(onoff.c.obj)
 .text.transition_complete
                0x000000000000531c       0x1c zephyr/libzephyr.a(onoff.c.obj)
 .text.validate_args
                0x0000000000005338       0x1e zephyr/libzephyr.a(onoff.c.obj)
 .text.onoff_manager_init
                0x0000000000005356       0x26 zephyr/libzephyr.a(onoff.c.obj)
                0x0000000000005356                onoff_manager_init
 .text.onoff_request
                0x000000000000537c       0x92 zephyr/libzephyr.a(onoff.c.obj)
                0x000000000000537c                onoff_request
 .text.onoff_release
                0x000000000000540e       0x4a zephyr/libzephyr.a(onoff.c.obj)
                0x000000000000540e                onoff_release
 .text.onoff_sync_lock
                0x0000000000005458       0x16 zephyr/libzephyr.a(onoff.c.obj)
                0x0000000000005458                onoff_sync_lock
 .text.onoff_sync_finalize
                0x000000000000546e       0x42 zephyr/libzephyr.a(onoff.c.obj)
                0x000000000000546e                onoff_sync_finalize
 .text.z_thread_entry
                0x00000000000054b0       0x14 zephyr/libzephyr.a(thread_entry.c.obj)
                0x00000000000054b0                z_thread_entry
 .text._ldiv5   0x00000000000054c4       0x30 zephyr/libzephyr.a(cbprintf_complete.c.obj)
 .text._get_digit
                0x00000000000054f4       0x2e zephyr/libzephyr.a(cbprintf_complete.c.obj)
 .text.encode_uint
                0x0000000000005522       0x8c zephyr/libzephyr.a(cbprintf_complete.c.obj)
 .text.outs     0x00000000000055ae       0x2c zephyr/libzephyr.a(cbprintf_complete.c.obj)
 .text._ConfigAbsSyms
                0x00000000000055da        0x2 zephyr/libzephyr.a(configs.c.obj)
                0x00000000000055da                _ConfigAbsSyms
 .text.pm_policy_next_state
                0x00000000000055dc        0xa zephyr/libzephyr.a(policy_residency.c.obj)
                0x00000000000055dc                pm_policy_next_state
 .text.z_arm_fatal_error
                0x00000000000055e6        0x4 zephyr/arch/arch/arm/core/aarch32/libarch__arm__core__aarch32.a(fatal.c.obj)
                0x00000000000055e6                z_arm_fatal_error
 .text.z_do_kernel_oops
                0x00000000000055ea        0x8 zephyr/arch/arch/arm/core/aarch32/libarch__arm__core__aarch32.a(fatal.c.obj)
                0x00000000000055ea                z_do_kernel_oops
 .text.z_irq_spurious
                0x00000000000055f2        0x8 zephyr/arch/arch/arm/core/aarch32/libarch__arm__core__aarch32.a(irq_manage.c.obj)
                0x00000000000055f2                z_irq_spurious
 .text.z_arm_nmi
                0x00000000000055fa        0xe zephyr/arch/arch/arm/core/aarch32/libarch__arm__core__aarch32.a(nmi.c.obj)
                0x00000000000055fa                z_arm_nmi
 .text.strcpy   0x0000000000005608       0x14 zephyr/lib/libc/minimal/liblib__libc__minimal.a(string.c.obj)
                0x0000000000005608                strcpy
 .text.strlen   0x000000000000561c        0xe zephyr/lib/libc/minimal/liblib__libc__minimal.a(string.c.obj)
                0x000000000000561c                strlen
 .text.strnlen  0x000000000000562a       0x12 zephyr/lib/libc/minimal/liblib__libc__minimal.a(string.c.obj)
                0x000000000000562a                strnlen
 .text.strcmp   0x000000000000563c       0x18 zephyr/lib/libc/minimal/liblib__libc__minimal.a(string.c.obj)
                0x000000000000563c                strcmp
 .text.memcpy   0x0000000000005654       0x16 zephyr/lib/libc/minimal/liblib__libc__minimal.a(string.c.obj)
                0x0000000000005654                memcpy
 .text.memset   0x000000000000566a       0x12 zephyr/lib/libc/minimal/liblib__libc__minimal.a(string.c.obj)
                0x000000000000566a                memset
 .text._stdout_hook_default
                0x000000000000567c        0x6 zephyr/lib/libc/minimal/liblib__libc__minimal.a(stdout_console.c.obj)
 .text.pm_power_state_set
                0x0000000000005682       0x26 zephyr/soc/arm/nordic_nrf/nrf52/libsoc__arm__nordic_nrf__nrf52.a(power.c.obj)
                0x0000000000005682                pm_power_state_set
 .text.pm_power_state_exit_post_ops
                0x00000000000056a8       0x16 zephyr/soc/arm/nordic_nrf/nrf52/libsoc__arm__nordic_nrf__nrf52.a(power.c.obj)
                0x00000000000056a8                pm_power_state_exit_post_ops
 .text.get_status
                0x00000000000056be       0x12 zephyr/drivers/clock_control/libdrivers__clock_control.a(clock_control_nrf.c.obj)
 .text.set_on_state
                0x00000000000056d0       0x26 zephyr/drivers/clock_control/libdrivers__clock_control.a(clock_control_nrf.c.obj)
 .text.stop     0x00000000000056f6       0x52 zephyr/drivers/clock_control/libdrivers__clock_control.a(clock_control_nrf.c.obj)
 .text.api_stop
                0x0000000000005748        0x6 zephyr/drivers/clock_control/libdrivers__clock_control.a(clock_control_nrf.c.obj)
 .text.async_start
                0x000000000000574e       0x62 zephyr/drivers/clock_control/libdrivers__clock_control.a(clock_control_nrf.c.obj)
 .text.api_start
                0x00000000000057b0        0xe zephyr/drivers/clock_control/libdrivers__clock_control.a(clock_control_nrf.c.obj)
 .text.onoff_started_callback
                0x00000000000057be       0x12 zephyr/drivers/clock_control/libdrivers__clock_control.a(clock_control_nrf.c.obj)
 .text.lfclk_stop
                0x00000000000057d0        0x6 zephyr/drivers/clock_control/libdrivers__clock_control.a(clock_control_nrf.c.obj)
 .text.blocking_start_callback
                0x00000000000057d6        0x6 zephyr/drivers/clock_control/libdrivers__clock_control.a(clock_control_nrf.c.obj)
 .text.nrf_gpio_cfg_sense_set
                0x00000000000057dc       0x1c zephyr/drivers/gpio/libdrivers__gpio.a(gpio_nrfx.c.obj)
 .text.gpio_nrfx_port_get_raw
                0x00000000000057f8        0xe zephyr/drivers/gpio/libdrivers__gpio.a(gpio_nrfx.c.obj)
 .text.gpio_nrfx_port_set_masked_raw
                0x0000000000005806       0x16 zephyr/drivers/gpio/libdrivers__gpio.a(gpio_nrfx.c.obj)
 .text.gpio_nrfx_port_set_bits_raw
                0x000000000000581c        0xc zephyr/drivers/gpio/libdrivers__gpio.a(gpio_nrfx.c.obj)
 .text.gpio_nrfx_port_clear_bits_raw
                0x0000000000005828        0xc zephyr/drivers/gpio/libdrivers__gpio.a(gpio_nrfx.c.obj)
 .text.gpio_nrfx_port_toggle_bits
                0x0000000000005834       0x12 zephyr/drivers/gpio/libdrivers__gpio.a(gpio_nrfx.c.obj)
 .text.gpio_nrfx_manage_callback
                0x0000000000005846       0x54 zephyr/drivers/gpio/libdrivers__gpio.a(gpio_nrfx.c.obj)
 .text.pin_interrupt_configure
                0x000000000000589a        0xe zephyr/drivers/gpio/libdrivers__gpio.a(gpio_sx1509b.c.obj)
 .text.k_sem_take.constprop.0.isra.0
                0x00000000000058a8        0x4 zephyr/drivers/gpio/libdrivers__gpio.a(gpio_sx1509b.c.obj)
 .text.i2c_write
                0x00000000000058ac       0x1a zephyr/drivers/gpio/libdrivers__gpio.a(gpio_sx1509b.c.obj)
 .text.i2c_reg_write_word_be
                0x00000000000058c6       0x20 zephyr/drivers/gpio/libdrivers__gpio.a(gpio_sx1509b.c.obj)
 .text.port_write
                0x00000000000058e6       0x5e zephyr/drivers/gpio/libdrivers__gpio.a(gpio_sx1509b.c.obj)
 .text.port_toggle_bits
                0x0000000000005944        0xa zephyr/drivers/gpio/libdrivers__gpio.a(gpio_sx1509b.c.obj)
 .text.port_clear_bits
                0x000000000000594e        0x8 zephyr/drivers/gpio/libdrivers__gpio.a(gpio_sx1509b.c.obj)
 .text.port_set_bits
                0x0000000000005956        0x8 zephyr/drivers/gpio/libdrivers__gpio.a(gpio_sx1509b.c.obj)
 .text.port_set_masked
                0x000000000000595e        0x6 zephyr/drivers/gpio/libdrivers__gpio.a(gpio_sx1509b.c.obj)
 .text.write_pin_state
                0x0000000000005964       0x7e zephyr/drivers/gpio/libdrivers__gpio.a(gpio_sx1509b.c.obj)
 .text.sx1509b_init
                0x00000000000059e2       0xde zephyr/drivers/gpio/libdrivers__gpio.a(gpio_sx1509b.c.obj)
 .text.sx1509b_config
                0x0000000000005ac0      0x13e zephyr/drivers/gpio/libdrivers__gpio.a(gpio_sx1509b.c.obj)
 .text.port_get
                0x0000000000005bfe       0x7c zephyr/drivers/gpio/libdrivers__gpio.a(gpio_sx1509b.c.obj)
 .text.i2c_nrfx_twim_configure
                0x0000000000005c7a       0x32 zephyr/drivers/i2c/libdrivers__i2c.a(i2c_nrfx_twim.c.obj)
 .text.z_impl_i2c_transfer
                0x0000000000005cac        0xc zephyr/drivers/sensor/hts221/libdrivers__sensor__hts221.a(hts221.c.obj)
 .text.hts221_sample_fetch
                0x0000000000005cb8       0x56 zephyr/drivers/sensor/hts221/libdrivers__sensor__hts221.a(hts221.c.obj)
 .text.setup_drdy
                0x0000000000005d0e       0x3c zephyr/drivers/sensor/hts221/libdrivers__sensor__hts221.a(hts221_trigger.c.obj)
 .text.hts221_work_cb
                0x0000000000005d4a       0x26 zephyr/drivers/sensor/hts221/libdrivers__sensor__hts221.a(hts221_trigger.c.obj)
 .text.hts221_drdy_callback
                0x0000000000005d70       0x1a zephyr/drivers/sensor/hts221/libdrivers__sensor__hts221.a(hts221_trigger.c.obj)
 .text.hts221_trigger_set
                0x0000000000005d8a       0x68 zephyr/drivers/sensor/hts221/libdrivers__sensor__hts221.a(hts221_trigger.c.obj)
                0x0000000000005d8a                hts221_trigger_set
 .text.gpio_pin_set_dt
                0x0000000000005df2       0x28 zephyr/drivers/regulator/libdrivers__regulator.a(regulator_fixed.c.obj)
 .text.disable_sync
                0x0000000000005e1a       0x48 zephyr/drivers/regulator/libdrivers__regulator.a(regulator_fixed.c.obj)
 .text.enable_sync
                0x0000000000005e62       0x38 zephyr/drivers/regulator/libdrivers__regulator.a(regulator_fixed.c.obj)
 .text.disable_onoff
                0x0000000000005e9a        0x8 zephyr/drivers/regulator/libdrivers__regulator.a(regulator_fixed.c.obj)
 .text.enable_onoff
                0x0000000000005ea2        0x8 zephyr/drivers/regulator/libdrivers__regulator.a(regulator_fixed.c.obj)
 .text.common_init.isra.0
                0x0000000000005eaa       0x64 zephyr/drivers/regulator/libdrivers__regulator.a(regulator_fixed.c.obj)
 .text.regulator_fixed_init_sync
                0x0000000000005f0e        0x6 zephyr/drivers/regulator/libdrivers__regulator.a(regulator_fixed.c.obj)
 .text.onoff_worker
                0x0000000000005f14       0x54 zephyr/drivers/regulator/libdrivers__regulator.a(regulator_fixed.c.obj)
 .text.stop     0x0000000000005f68       0x52 zephyr/drivers/regulator/libdrivers__regulator.a(regulator_fixed.c.obj)
 .text.start    0x0000000000005fba       0x52 zephyr/drivers/regulator/libdrivers__regulator.a(regulator_fixed.c.obj)
 .text.uarte_nrfx_config_get
                0x000000000000600c       0x10 zephyr/drivers/serial/libdrivers__serial.a(uart_nrfx_uarte.c.obj)
 .text.uarte_nrfx_err_check
                0x000000000000601c        0xe zephyr/drivers/serial/libdrivers__serial.a(uart_nrfx_uarte.c.obj)
 .text.uarte_nrfx_poll_in
                0x000000000000602a       0x26 zephyr/drivers/serial/libdrivers__serial.a(uart_nrfx_uarte.c.obj)
 .text.is_tx_ready.isra.0
                0x0000000000006050       0x20 zephyr/drivers/serial/libdrivers__serial.a(uart_nrfx_uarte.c.obj)
 .text.uarte_nrfx_isr_int
                0x0000000000006070       0x74 zephyr/drivers/serial/libdrivers__serial.a(uart_nrfx_uarte.c.obj)
 .text.sys_clock_isr
                0x00000000000060e4        0x2 zephyr/drivers/timer/libdrivers__timer.a(sys_clock_init.c.obj)
                0x00000000000060e4                sys_clock_isr
 .text.sys_clock_idle_exit
                0x00000000000060e6        0x2 zephyr/drivers/timer/libdrivers__timer.a(sys_clock_init.c.obj)
                0x00000000000060e6                sys_clock_idle_exit
 .text.nrf52_errata_12
                0x00000000000060e8       0x1c modules/hal_nordic/nrfx/libmodules__hal_nordic__nrfx.a(system_nrf52.c.obj)
 .text.nrfx_isr
                0x0000000000006104        0x2 modules/hal_nordic/nrfx/libmodules__hal_nordic__nrfx.a(nrfx_glue.c.obj)
                0x0000000000006104                nrfx_isr
 .text.nrfx_busy_wait
                0x0000000000006106        0x4 modules/hal_nordic/nrfx/libmodules__hal_nordic__nrfx.a(nrfx_glue.c.obj)
                0x0000000000006106                nrfx_busy_wait
 .text.nrfx_clock_enable
                0x000000000000610a       0x14 modules/hal_nordic/nrfx/libmodules__hal_nordic__nrfx.a(nrfx_clock.c.obj)
                0x000000000000610a                nrfx_clock_enable
 .text.xfer_completeness_check
                0x000000000000611e       0x60 modules/hal_nordic/nrfx/libmodules__hal_nordic__nrfx.a(nrfx_twim.c.obj)
 .text._GetAvailWriteSpace
                0x000000000000617e       0x12 modules/segger/libmodules__segger.a(SEGGER_RTT.c.obj)
 .text._WriteNoCheck
                0x0000000000006190       0x3c modules/segger/libmodules__segger.a(SEGGER_RTT.c.obj)
 .text._WriteBlocking
                0x00000000000061cc       0x58 modules/segger/libmodules__segger.a(SEGGER_RTT.c.obj)
 .text.SEGGER_RTT_Init
                0x0000000000006224        0x4 modules/segger/libmodules__segger.a(SEGGER_RTT.c.obj)
                0x0000000000006224                SEGGER_RTT_Init
 .text.rtt_init
                0x0000000000006228        0xa modules/segger/libmodules__segger.a(SEGGER_RTT_zephyr.c.obj)
 .text.z_device_state_init
                0x0000000000006232        0x2 zephyr/kernel/libkernel.a(device.c.obj)
                0x0000000000006232                z_device_state_init
 .text.z_device_ready
                0x0000000000006234       0x14 zephyr/kernel/libkernel.a(device.c.obj)
                0x0000000000006234                z_device_ready
 .text.arch_system_halt
                0x0000000000006248       0x12 zephyr/kernel/libkernel.a(fatal.c.obj)
                0x0000000000006248                arch_system_halt
 .text.k_sys_fatal_error_handler
                0x000000000000625a        0x6 zephyr/kernel/libkernel.a(fatal.c.obj)
                0x000000000000625a                k_sys_fatal_error_handler
 .text.z_fatal_error
                0x0000000000006260       0x36 zephyr/kernel/libkernel.a(fatal.c.obj)
                0x0000000000006260                z_fatal_error
 .text.k_is_in_isr
                0x0000000000006296        0xc zephyr/kernel/libkernel.a(thread.c.obj)
                0x0000000000006296                k_is_in_isr
 .text.z_impl_k_thread_name_set
                0x00000000000062a2        0x6 zephyr/kernel/libkernel.a(thread.c.obj)
                0x00000000000062a2                z_impl_k_thread_name_set
 .text.z_impl_k_thread_start
                0x00000000000062a8        0x4 zephyr/kernel/libkernel.a(thread.c.obj)
                0x00000000000062a8                z_impl_k_thread_start
 .text.z_pm_save_idle_exit
                0x00000000000062ac        0xe zephyr/kernel/libkernel.a(idle.c.obj)
                0x00000000000062ac                z_pm_save_idle_exit
 .text.flag_test_and_clear
                0x00000000000062ba       0x16 zephyr/kernel/libkernel.a(work.c.obj)
 .text.notify_queue_locked.isra.0
                0x00000000000062d0        0xe zephyr/kernel/libkernel.a(work.c.obj)
 .text.work_timeout
                0x00000000000062de       0x3e zephyr/kernel/libkernel.a(work.c.obj)
 .text.k_work_submit_to_queue
                0x000000000000631c       0x3a zephyr/kernel/libkernel.a(work.c.obj)
                0x000000000000631c                k_work_submit_to_queue
 .text.k_work_init_delayable
                0x0000000000006356       0x18 zephyr/kernel/libkernel.a(work.c.obj)
                0x0000000000006356                k_work_init_delayable
 .text.sys_dlist_remove
                0x000000000000636e       0x10 zephyr/kernel/libkernel.a(sched.c.obj)
 .text.unpend_thread_no_timeout
                0x000000000000637e       0x14 zephyr/kernel/libkernel.a(sched.c.obj)
 .text.z_reschedule_irqlock
                0x0000000000006392       0x18 zephyr/kernel/libkernel.a(sched.c.obj)
                0x0000000000006392                z_reschedule_irqlock
 .text.z_reschedule_unlocked
                0x00000000000063aa       0x14 zephyr/kernel/libkernel.a(sched.c.obj)
 .text.z_priq_dumb_best
                0x00000000000063be        0xc zephyr/kernel/libkernel.a(sched.c.obj)
                0x00000000000063be                z_priq_dumb_best
 .text.z_ready_thread
                0x00000000000063ca       0x20 zephyr/kernel/libkernel.a(sched.c.obj)
                0x00000000000063ca                z_ready_thread
 .text.z_thread_timeout
                0x00000000000063ea       0x44 zephyr/kernel/libkernel.a(sched.c.obj)
                0x00000000000063ea                z_thread_timeout
 .text.add_to_waitq_locked
                0x000000000000642e       0x54 zephyr/kernel/libkernel.a(sched.c.obj)
 .text.z_unpend_first_thread
                0x0000000000006482       0x30 zephyr/kernel/libkernel.a(sched.c.obj)
                0x0000000000006482                z_unpend_first_thread
 .text.z_sched_wake
                0x00000000000064b2       0x3a zephyr/kernel/libkernel.a(sched.c.obj)
                0x00000000000064b2                z_sched_wake
 .text.z_abort_timeout
                0x00000000000064ec       0x2c zephyr/kernel/libkernel.a(timeout.c.obj)
                0x00000000000064ec                z_abort_timeout
 .text.z_get_next_timeout_expiry
                0x0000000000006518       0x20 zephyr/kernel/libkernel.a(timeout.c.obj)
                0x0000000000006518                z_get_next_timeout_expiry
 .text.z_set_timeout_expiry
                0x0000000000006538       0x34 zephyr/kernel/libkernel.a(timeout.c.obj)
                0x0000000000006538                z_set_timeout_expiry
 .text.sys_clock_tick_get_32
                0x000000000000656c        0x8 zephyr/kernel/libkernel.a(timeout.c.obj)
                0x000000000000656c                sys_clock_tick_get_32
 .text.z_impl_k_busy_wait
                0x0000000000006574        0x8 zephyr/kernel/libkernel.a(timeout.c.obj)
                0x0000000000006574                z_impl_k_busy_wait
 *(SORT_BY_ALIGNMENT(.TEXT.*))
 .TEXT.z_arm_platform_init
                0x000000000000657c        0x4 zephyr/libzephyr.a(soc_nrf_common.S.obj)
                0x000000000000657c                z_arm_platform_init
 *(SORT_BY_ALIGNMENT(.gnu.linkonce.t.*))
 *(SORT_BY_ALIGNMENT(.glue_7t))
 .glue_7t       0x0000000000006580        0x0 linker stubs
 *(SORT_BY_ALIGNMENT(.glue_7))
 .glue_7        0x0000000000006580        0x0 linker stubs
 *(SORT_BY_ALIGNMENT(.vfp11_veneer))
 .vfp11_veneer  0x0000000000006580        0x0 linker stubs
 *(SORT_BY_ALIGNMENT(.v4_bx))
 .v4_bx         0x0000000000006580        0x0 linker stubs
                0x0000000000006580                __text_region_end = .

.ARM.exidx      0x0000000000006580        0x8
                0x0000000000006580                __exidx_start = .
 *(SORT_BY_ALIGNMENT(.ARM.exidx*) SORT_BY_ALIGNMENT(gnu.linkonce.armexidx.*))
 .ARM.exidx     0x0000000000006580        0x8 /home/osboxes/zephyr-sdk-0.13.1/arm-zephyr-eabi/bin/../lib/gcc/arm-zephyr-eabi/10.3.0/thumb/v7e-m/nofp/libgcc.a(_udivmoddi4.o)
                0x0000000000006588                __exidx_end = .
                0x0000000000006588                __rodata_region_start = .

initlevel       0x0000000000006588       0x98
                0x0000000000006588                __init_start = .
                0x0000000000006588                __init_PRE_KERNEL_1_start = .
 *(SORT_BY_NAME(SORT_BY_ALIGNMENT(.z_init_PRE_KERNEL_1[0-9]_*)))
 .z_init_PRE_KERNEL_10_
                0x0000000000006588        0x8 zephyr/soc/arm/nordic_nrf/nrf52/libsoc__arm__nordic_nrf__nrf52.a(soc.c.obj)
 *(SORT_BY_NAME(SORT_BY_ALIGNMENT(.z_init_PRE_KERNEL_1[1-9][0-9]_*)))
 .z_init_PRE_KERNEL_130_
                0x0000000000006590        0x8 zephyr/drivers/clock_control/libdrivers__clock_control.a(clock_control_nrf.c.obj)
 .z_init_PRE_KERNEL_130_
                0x0000000000006598        0x8 modules/segger/libmodules__segger.a(SEGGER_RTT_zephyr.c.obj)
 .z_init_PRE_KERNEL_140_
                0x00000000000065a0        0x8 zephyr/drivers/console/libdrivers__console.a(rtt_console.c.obj)
 .z_init_PRE_KERNEL_155_
                0x00000000000065a8        0x8 zephyr/drivers/serial/libdrivers__serial.a(uart_nrfx_uarte.c.obj)
                0x00000000000065b0                __init_PRE_KERNEL_2_start = .
 *(SORT_BY_NAME(SORT_BY_ALIGNMENT(.z_init_PRE_KERNEL_2[0-9]_*)))
 .z_init_PRE_KERNEL_20_
                0x00000000000065b0        0x8 zephyr/drivers/timer/libdrivers__timer.a(sys_clock_init.c.obj)
 *(SORT_BY_NAME(SORT_BY_ALIGNMENT(.z_init_PRE_KERNEL_2[1-9][0-9]_*)))
                0x00000000000065b8                __init_POST_KERNEL_start = .
 *(SORT_BY_NAME(SORT_BY_ALIGNMENT(.z_init_POST_KERNEL[0-9]_*)))
 *(SORT_BY_NAME(SORT_BY_ALIGNMENT(.z_init_POST_KERNEL[1-9][0-9]_*)))
 .z_init_POST_KERNEL40_
                0x00000000000065b8        0x8 zephyr/drivers/gpio/libdrivers__gpio.a(gpio_nrfx.c.obj)
 .z_init_POST_KERNEL40_
                0x00000000000065c0        0x8 zephyr/kernel/libkernel.a(system_work_q.c.obj)
 .z_init_POST_KERNEL50_
                0x00000000000065c8        0x8 zephyr/boards/arm/thingy52_nrf52832/libboards__arm__thingy52_nrf52832.a(board.c.obj)
 .z_init_POST_KERNEL60_
                0x00000000000065d0       0x10 zephyr/drivers/i2c/libdrivers__i2c.a(i2c_nrfx_twim.c.obj)
 .z_init_POST_KERNEL70_
                0x00000000000065e0        0x8 zephyr/drivers/gpio/libdrivers__gpio.a(gpio_sx1509b.c.obj)
 .z_init_POST_KERNEL75_
                0x00000000000065e8       0x28 zephyr/drivers/regulator/libdrivers__regulator.a(regulator_fixed.c.obj)
 .z_init_POST_KERNEL85_
                0x0000000000006610        0x8 zephyr/boards/arm/thingy52_nrf52832/libboards__arm__thingy52_nrf52832.a(board.c.obj)
 .z_init_POST_KERNEL90_
                0x0000000000006618        0x8 zephyr/drivers/sensor/hts221/libdrivers__sensor__hts221.a(hts221.c.obj)
                0x0000000000006620                __init_APPLICATION_start = .
 *(SORT_BY_NAME(SORT_BY_ALIGNMENT(.z_init_APPLICATION[0-9]_*)))
 *(SORT_BY_NAME(SORT_BY_ALIGNMENT(.z_init_APPLICATION[1-9][0-9]_*)))
                0x0000000000006620                __init_SMP_start = .
 *(SORT_BY_NAME(SORT_BY_ALIGNMENT(.z_init_SMP[0-9]_*)))
 *(SORT_BY_NAME(SORT_BY_ALIGNMENT(.z_init_SMP[1-9][0-9]_*)))
                0x0000000000006620                __init_end = .

devices         0x0000000000006620      0x168
                0x0000000000006620                __device_start = .
                0x0000000000006620                __device_PRE_KERNEL_1_start = .
 *(SORT_BY_NAME(SORT_BY_ALIGNMENT(.z_device_PRE_KERNEL_1[0-9]_*)))
 *(SORT_BY_NAME(SORT_BY_ALIGNMENT(.z_device_PRE_KERNEL_1[1-9][0-9]_*)))
 .z_device_PRE_KERNEL_130_
                0x0000000000006620       0x18 zephyr/drivers/clock_control/libdrivers__clock_control.a(clock_control_nrf.c.obj)
                0x0000000000006620                __device_dts_ord_24
 .z_device_PRE_KERNEL_155_
                0x0000000000006638       0x18 zephyr/drivers/serial/libdrivers__serial.a(uart_nrfx_uarte.c.obj)
                0x0000000000006638                __device_dts_ord_55
                0x0000000000006650                __device_PRE_KERNEL_2_start = .
 *(SORT_BY_NAME(SORT_BY_ALIGNMENT(.z_device_PRE_KERNEL_2[0-9]_*)))
 .z_device_PRE_KERNEL_20_
                0x0000000000006650       0x18 zephyr/drivers/timer/libdrivers__timer.a(sys_clock_init.c.obj)
 *(SORT_BY_NAME(SORT_BY_ALIGNMENT(.z_device_PRE_KERNEL_2[1-9][0-9]_*)))
                0x0000000000006668                __device_POST_KERNEL_start = .
 *(SORT_BY_NAME(SORT_BY_ALIGNMENT(.z_device_POST_KERNEL[0-9]_*)))
 *(SORT_BY_NAME(SORT_BY_ALIGNMENT(.z_device_POST_KERNEL[1-9][0-9]_*)))
 .z_device_POST_KERNEL40_
                0x0000000000006668       0x18 zephyr/drivers/gpio/libdrivers__gpio.a(gpio_nrfx.c.obj)
                0x0000000000006668                __device_dts_ord_4
 .z_device_POST_KERNEL50_
                0x0000000000006680       0x18 zephyr/boards/arm/thingy52_nrf52832/libboards__arm__thingy52_nrf52832.a(board.c.obj)
 .z_device_POST_KERNEL60_
                0x0000000000006698       0x30 zephyr/drivers/i2c/libdrivers__i2c.a(i2c_nrfx_twim.c.obj)
                0x0000000000006698                __device_dts_ord_70
                0x00000000000066b0                __device_dts_ord_7
 .z_device_POST_KERNEL70_
                0x00000000000066c8       0x18 zephyr/drivers/gpio/libdrivers__gpio.a(gpio_sx1509b.c.obj)
                0x00000000000066c8                __device_dts_ord_8
 .z_device_POST_KERNEL75_
                0x00000000000066e0       0x78 zephyr/drivers/regulator/libdrivers__regulator.a(regulator_fixed.c.obj)
                0x00000000000066e0                __device_dts_ord_66
                0x00000000000066f8                __device_dts_ord_9
                0x0000000000006710                __device_dts_ord_10
                0x0000000000006728                __device_dts_ord_11
                0x0000000000006740                __device_dts_ord_5
 .z_device_POST_KERNEL85_
                0x0000000000006758       0x18 zephyr/boards/arm/thingy52_nrf52832/libboards__arm__thingy52_nrf52832.a(board.c.obj)
 .z_device_POST_KERNEL90_
                0x0000000000006770       0x18 zephyr/drivers/sensor/hts221/libdrivers__sensor__hts221.a(hts221.c.obj)
                0x0000000000006770                __device_dts_ord_68
                0x0000000000006788                __device_APPLICATION_start = .
 *(SORT_BY_NAME(SORT_BY_ALIGNMENT(.z_device_APPLICATION[0-9]_*)))
 *(SORT_BY_NAME(SORT_BY_ALIGNMENT(.z_device_APPLICATION[1-9][0-9]_*)))
                0x0000000000006788                __device_SMP_start = .
 *(SORT_BY_NAME(SORT_BY_ALIGNMENT(.z_device_SMP[0-9]_*)))
 *(SORT_BY_NAME(SORT_BY_ALIGNMENT(.z_device_SMP[1-9][0-9]_*)))
                0x0000000000006788                __device_end = .

sw_isr_table    0x0000000000006788      0x138
                0x0000000000006788                . = ALIGN (0x0)
 *(SORT_BY_ALIGNMENT(.gnu.linkonce.sw_isr_table*))
 .gnu.linkonce.sw_isr_table
                0x0000000000006788      0x138 zephyr/CMakeFiles/zephyr_final.dir/isr_tables.c.obj
                0x0000000000006788                _sw_isr_table

initlevel_error
                0x0000000000006588        0x0
 *(SORT_BY_NAME(SORT_BY_ALIGNMENT(.z_init_[_A-Z0-9]*)))
                0x0000000000000001                ASSERT ((SIZEOF (initlevel_error) == 0x0), Undefined initialization levels used.)

app_shmem_regions
                0x00000000000068c0        0x0
                0x00000000000068c0                __app_shmem_regions_start = .
 *(SORT_BY_NAME(SORT_BY_ALIGNMENT(.app_regions.*)))
                0x00000000000068c0                __app_shmem_regions_end = .

bt_l2cap_fixed_chan_area
                0x00000000000068c0        0x0
                0x00000000000068c0                _bt_l2cap_fixed_chan_list_start = .
 *(SORT_BY_NAME(SORT_BY_ALIGNMENT(._bt_l2cap_fixed_chan.static.*)))
                0x00000000000068c0                _bt_l2cap_fixed_chan_list_end = .

bt_gatt_service_static_area
                0x00000000000068c0        0x0
                0x00000000000068c0                _bt_gatt_service_static_list_start = .
 *(SORT_BY_NAME(SORT_BY_ALIGNMENT(._bt_gatt_service_static.static.*)))
                0x00000000000068c0                _bt_gatt_service_static_list_end = .

k_p4wq_initparam_area
                0x00000000000068c0        0x0
                0x00000000000068c0                _k_p4wq_initparam_list_start = .
 *(SORT_BY_NAME(SORT_BY_ALIGNMENT(._k_p4wq_initparam.static.*)))
                0x00000000000068c0                _k_p4wq_initparam_list_end = .

log_strings_sections
                0x00000000000068c0        0x0
                0x00000000000068c0                __log_strings_start = .
 *(SORT_BY_NAME(SORT_BY_ALIGNMENT(.log_strings*)))
                0x00000000000068c0                __log_strings_end = .

log_const_sections
                0x00000000000068c0        0x0
                0x00000000000068c0                __log_const_start = .
 *(SORT_BY_NAME(SORT_BY_ALIGNMENT(.log_const_*)))
                0x00000000000068c0                __log_const_end = .

log_backends_sections
                0x00000000000068c0        0x0
                0x00000000000068c0                __log_backends_start = .
 *(SORT_BY_ALIGNMENT(._log_backend.*))
                0x00000000000068c0                __log_backends_end = .

shell_area      0x00000000000068c0        0x0
                0x00000000000068c0                _shell_list_start = .
 *(SORT_BY_NAME(SORT_BY_ALIGNMENT(._shell.static.*)))
                0x00000000000068c0                _shell_list_end = .

shell_root_cmds_sections
                0x00000000000068c0        0x0
                0x00000000000068c0                __shell_root_cmds_start = .
 *(SORT_BY_NAME(SORT_BY_ALIGNMENT(.shell_root_cmd_*)))
                0x00000000000068c0                __shell_root_cmds_end = .

font_entry_sections
                0x00000000000068c0        0x0
                0x00000000000068c0                __font_entry_start = .
 *(SORT_BY_NAME(SORT_BY_ALIGNMENT(._cfb_font.*)))
                0x00000000000068c0                __font_entry_end = .

tracing_backend_area
                0x00000000000068c0        0x0
                0x00000000000068c0                _tracing_backend_list_start = .
 *(SORT_BY_NAME(SORT_BY_ALIGNMENT(._tracing_backend.static.*)))
                0x00000000000068c0                _tracing_backend_list_end = .

zephyr_dbg_info
 *(SORT_BY_ALIGNMENT(.dbg_thread_info))

device_handles  0x00000000000068c0       0x6c
                0x00000000000068c0                __device_handles_start = .
 *(SORT_BY_NAME(SORT_BY_ALIGNMENT(.__device_handles_pass2*)))
 .__device_handles_pass2
                0x00000000000068c0       0x6c zephyr/CMakeFiles/zephyr_final.dir/dev_handles.c.obj
                0x00000000000068c0                __devicehdl_DT_N_S_soc_S_i2c_40003000_S_hts221_5f
                0x00000000000068ca                __devicehdl_ccs_vdd_pwr_ctrl_init
                0x00000000000068ce                __devicehdl_DT_N_S_vdd_pwr_ctrl
                0x00000000000068d6                __devicehdl_DT_N_S_spk_pwr_ctrl
                0x00000000000068de                __devicehdl_DT_N_S_mpu_pwr_ctrl
                0x00000000000068e6                __devicehdl_DT_N_S_mic_pwr_ctrl
                0x00000000000068ee                __devicehdl_DT_N_S_ccs_pwr_ctrl
                0x00000000000068f6                __devicehdl_DT_N_S_soc_S_i2c_40003000_S_sx1509b_3e
                0x00000000000068fe                __devicehdl_DT_N_S_soc_S_i2c_40003000
                0x0000000000006906                __devicehdl_DT_N_S_soc_S_i2c_40004000
                0x000000000000690e                __devicehdl_vdd_pwr_ctrl_init
                0x0000000000006912                __devicehdl_DT_N_S_soc_S_gpio_50000000
                0x0000000000006918                __devicehdl_sys_init_sys_clock_driver_init0
                0x000000000000691c                __devicehdl_DT_N_S_soc_S_uart_40002000
                0x0000000000006924                __devicehdl_DT_N_S_soc_S_clock_40000000
                0x000000000000692c                __device_handles_end = .

rodata          0x0000000000006930      0x540
 *(SORT_BY_ALIGNMENT(.rodata))
 *(SORT_BY_ALIGNMENT(.rodata.*))
 .rodata.delay_machine_code.0
                0x0000000000006930        0x6 zephyr/soc/arm/nordic_nrf/nrf52/libsoc__arm__nordic_nrf__nrf52.a(soc.c.obj)
 *fill*         0x0000000000006936        0x2 
 .rodata.static_regions
                0x0000000000006938        0xc zephyr/arch/arch/arm/core/aarch32/mpu/libarch__arm__core__aarch32__mpu.a(arm_core_mpu.c.obj)
 .rodata.mpu_config
                0x0000000000006944        0x8 zephyr/soc/arm/common/cortex_m/libsoc__arm__common__cortex_m.a(arm_mpu_regions.c.obj)
                0x0000000000006944                mpu_config
 .rodata.mpu_regions
                0x000000000000694c       0x18 zephyr/soc/arm/common/cortex_m/libsoc__arm__common__cortex_m.a(arm_mpu_regions.c.obj)
 .rodata.ccs_vdd_pwr_ctrl_cfg
                0x0000000000006964        0x8 zephyr/boards/arm/thingy52_nrf52832/libboards__arm__thingy52_nrf52832.a(board.c.obj)
 .rodata.vdd_pwr_ctrl_cfg
                0x000000000000696c        0x8 zephyr/boards/arm/thingy52_nrf52832/libboards__arm__thingy52_nrf52832.a(board.c.obj)
 .rodata.clock_control_api
                0x0000000000006974       0x14 zephyr/drivers/clock_control/libdrivers__clock_control.a(clock_control_nrf.c.obj)
 .rodata.config
                0x0000000000006988       0x10 zephyr/drivers/clock_control/libdrivers__clock_control.a(clock_control_nrf.c.obj)
 .rodata.transitions.0
                0x0000000000006998        0xc zephyr/drivers/clock_control/libdrivers__clock_control.a(clock_control_nrf.c.obj)
 .rodata.gpio_nrfx_drv_api_funcs
                0x00000000000069a4       0x24 zephyr/drivers/gpio/libdrivers__gpio.a(gpio_nrfx.c.obj)
 .rodata.gpio_nrfx_p0_cfg
                0x00000000000069c8        0xc zephyr/drivers/gpio/libdrivers__gpio.a(gpio_nrfx.c.obj)
 .rodata.api_table
                0x00000000000069d4       0x24 zephyr/drivers/gpio/libdrivers__gpio.a(gpio_sx1509b.c.obj)
 .rodata.sx1509b_cfg
                0x00000000000069f8        0xc zephyr/drivers/gpio/libdrivers__gpio.a(gpio_sx1509b.c.obj)
 .rodata.i2c_nrfx_twim_driver_api
                0x0000000000006a04       0x18 zephyr/drivers/i2c/libdrivers__i2c.a(i2c_nrfx_twim.c.obj)
 .rodata.twim_0z_config
                0x0000000000006a1c       0x1c zephyr/drivers/i2c/libdrivers__i2c.a(i2c_nrfx_twim.c.obj)
 .rodata.twim_1z_config
                0x0000000000006a38       0x1c zephyr/drivers/i2c/libdrivers__i2c.a(i2c_nrfx_twim.c.obj)
 .rodata.hts221_cfg
                0x0000000000006a54       0x10 zephyr/drivers/sensor/hts221/libdrivers__sensor__hts221.a(hts221.c.obj)
 .rodata.hts221_driver_api
                0x0000000000006a64       0x14 zephyr/drivers/sensor/hts221/libdrivers__sensor__hts221.a(hts221.c.obj)
 .rodata.api_onoff
                0x0000000000006a78        0x8 zephyr/drivers/regulator/libdrivers__regulator.a(regulator_fixed.c.obj)
 .rodata.api_sync
                0x0000000000006a80        0x8 zephyr/drivers/regulator/libdrivers__regulator.a(regulator_fixed.c.obj)
 .rodata.regulator_0_cfg
                0x0000000000006a88       0x18 zephyr/drivers/regulator/libdrivers__regulator.a(regulator_fixed.c.obj)
 .rodata.regulator_1_cfg
                0x0000000000006aa0       0x18 zephyr/drivers/regulator/libdrivers__regulator.a(regulator_fixed.c.obj)
 .rodata.regulator_2_cfg
                0x0000000000006ab8       0x18 zephyr/drivers/regulator/libdrivers__regulator.a(regulator_fixed.c.obj)
 .rodata.regulator_3_cfg
                0x0000000000006ad0       0x18 zephyr/drivers/regulator/libdrivers__regulator.a(regulator_fixed.c.obj)
 .rodata.regulator_4_cfg
                0x0000000000006ae8       0x18 zephyr/drivers/regulator/libdrivers__regulator.a(regulator_fixed.c.obj)
 .rodata.transitions
                0x0000000000006b00        0xc zephyr/drivers/regulator/libdrivers__regulator.a(regulator_fixed.c.obj)
 .rodata.uart_nrfx_uarte_driver_api
                0x0000000000006b0c       0x14 zephyr/drivers/serial/libdrivers__serial.a(uart_nrfx_uarte.c.obj)
 .rodata.uarte_0z_config
                0x0000000000006b20       0x1c zephyr/drivers/serial/libdrivers__serial.a(uart_nrfx_uarte.c.obj)
 .rodata.levels.0
                0x0000000000006b3c       0x14 zephyr/kernel/libkernel.a(device.c.obj)
 .rodata._k_neg_eagain
                0x0000000000006b50        0x4 zephyr/kernel/libkernel.a(errno.c.obj)
                0x0000000000006b50                _k_neg_eagain
 .rodata.trigger_handler.str1.1
                0x0000000000006b54       0x2e app/libapp.a(main.c.obj)
 .rodata.main.str1.1
                0x0000000000006b82      0x1cb app/libapp.a(main.c.obj)
 .rodata.cbvprintf.str1.1
                0x0000000000006d4d        0x6 zephyr/libzephyr.a(cbprintf_complete.c.obj)
 .rodata.str1.1
                0x0000000000006d53        0xf zephyr/soc/arm/common/cortex_m/libsoc__arm__common__cortex_m.a(arm_mpu_regions.c.obj)
 .rodata.pwr_ctrl_init.str1.1
                0x0000000000006d62       0x1c zephyr/boards/arm/thingy52_nrf52832/libboards__arm__thingy52_nrf52832.a(board.c.obj)
 .rodata.str1.1
                0x0000000000006d7e        0xf zephyr/boards/arm/thingy52_nrf52832/libboards__arm__thingy52_nrf52832.a(board.c.obj)
                                         0x10 (size before relaxing)
 .rodata.str1.1
                0x0000000000006d8d        0x6 zephyr/drivers/clock_control/libdrivers__clock_control.a(clock_control_nrf.c.obj)
 .rodata.str1.1
                0x0000000000006d93        0x7 zephyr/drivers/gpio/libdrivers__gpio.a(gpio_nrfx.c.obj)
 .rodata.str1.1
                0x0000000000006d93        0x6 zephyr/drivers/gpio/libdrivers__gpio.a(gpio_sx1509b.c.obj)
                                          0xe (size before relaxing)
 .rodata.str1.1
                0x0000000000006d99        0x6 zephyr/drivers/i2c/libdrivers__i2c.a(i2c_nrfx_twim.c.obj)
                                          0xc (size before relaxing)
 .rodata.hts221_init.str1.1
                0x0000000000006d9f        0x7 zephyr/drivers/sensor/hts221/libdrivers__sensor__hts221.a(hts221.c.obj)
                                          0x9 (size before relaxing)
 .rodata.str1.1
                0x0000000000006da6       0x14 zephyr/drivers/sensor/hts221/libdrivers__sensor__hts221.a(hts221.c.obj)
 .rodata.str1.1
                0x0000000000006da6       0x41 zephyr/drivers/regulator/libdrivers__regulator.a(regulator_fixed.c.obj)
 .rodata.str1.1
                0x0000000000006de7        0x7 zephyr/drivers/serial/libdrivers__serial.a(uart_nrfx_uarte.c.obj)
 .rodata.str1.1
                0x0000000000006dee        0xa zephyr/drivers/timer/libdrivers__timer.a(sys_clock_init.c.obj)
 .rodata.CSWTCH.14
                0x0000000000006df8        0x5 modules/hal_nordic/nrfx/libmodules__hal_nordic__nrfx.a(system_nrf52.c.obj)
 .rodata.CSWTCH.18
                0x0000000000006dfd        0x5 modules/hal_nordic/nrfx/libmodules__hal_nordic__nrfx.a(system_nrf52.c.obj)
 .rodata.CSWTCH.20
                0x0000000000006e02        0x5 modules/hal_nordic/nrfx/libmodules__hal_nordic__nrfx.a(system_nrf52.c.obj)
 .rodata.CSWTCH.4
                0x0000000000006e07        0x5 modules/hal_nordic/nrfx/libmodules__hal_nordic__nrfx.a(system_nrf52.c.obj)
 .rodata._DoInit.str1.1
                0x0000000000006e0c       0x14 modules/segger/libmodules__segger.a(SEGGER_RTT.c.obj)
 .rodata.z_cstart.str1.1
                0x0000000000006e20        0x5 zephyr/kernel/libkernel.a(init.c.obj)
 .rodata.boot_banner.str1.1
                0x0000000000006e25       0x42 zephyr/kernel/libkernel.a(banner.c.obj)
                                         0x43 (size before relaxing)
 .rodata.k_sys_work_q_init.str1.1
                0x0000000000006e67        0x9 zephyr/kernel/libkernel.a(system_work_q.c.obj)
 *(SORT_BY_ALIGNMENT(.gnu.linkonce.r.*))
                0x0000000000006e70                . = ALIGN (0x4)
                0x0000000000006e70                __rodata_region_end = .
                0x0000000000006e80                . = ALIGN (_region_min_align)
                0x0000000000008000                . = ALIGN ((0x1 << ((__rodata_region_end - __rom_region_start) <= 0x4)?0x2:((__rodata_region_end - __rom_region_start) <= 0x8)?0x3:((__rodata_region_end - __rom_region_start) <= 0x10)?0x4:((__rodata_region_end - __rom_region_start) <= 0x20)?0x5:((__rodata_region_end - __rom_region_start) <= 0x40)?0x6:((__rodata_region_end - __rom_region_start) <= 0x80)?0x7:((__rodata_region_end - __rom_region_start) <= 0x100)?0x8:((__rodata_region_end - __rom_region_start) <= 0x200)?0x9:((__rodata_region_end - __rom_region_start) <= 0x400)?0xa:((__rodata_region_end - __rom_region_start) <= 0x800)?0xb:((__rodata_region_end - __rom_region_start) <= 0x1000)?0xc:((__rodata_region_end - __rom_region_start) <= 0x2000)?0xd:((__rodata_region_end - __rom_region_start) <= 0x4000)?0xe:((__rodata_region_end - __rom_region_start) <= 0x8000)?0xf:((__rodata_region_end - __rom_region_start) <= 0x10000)?0x10:((__rodata_region_end - __rom_region_start) <= 0x20000)?0x11:((__rodata_region_end - __rom_region_start) <= 0x40000)?0x12:((__rodata_region_end - __rom_region_start) <= 0x80000)?0x13:((__rodata_region_end - __rom_region_start) <= 0x100000)?0x14:((__rodata_region_end - __rom_region_start) <= 0x200000)?0x15:((__rodata_region_end - __rom_region_start) <= 0x400000)?0x16:((__rodata_region_end - __rom_region_start) <= 0x800000)?0x17:((__rodata_region_end - __rom_region_start) <= 0x1000000)?0x18:((__rodata_region_end - __rom_region_start) <= 0x2000000)?0x19:((__rodata_region_end - __rom_region_start) <= 0x4000000)?0x1a:((__rodata_region_end - __rom_region_start) <= 0x8000000)?0x1b:((__rodata_region_end - __rom_region_start) <= 0x10000000)?0x1c:((__rodata_region_end - __rom_region_start) <= 0x20000000)?0x1d:((__rodata_region_end - __rom_region_start) <= 0x40000000)?0x1e:((__rodata_region_end - __rom_region_start) <= 0x80000000)?0x1f:0x20))
                0x0000000000008000                __rom_region_end = .
                0x0000000020000000                . = 0x20000000
                0x0000000020000000                . = ALIGN (_region_min_align)
                0x0000000020000000                _image_ram_start = .

.ramfunc        0x0000000020000000        0x0 load address 0x0000000000006e70
                0x0000000020000000                . = ALIGN (_region_min_align)
                0x0000000020000000                . = ALIGN ((0x1 << (__ramfunc_size <= 0x4)?0x2:(__ramfunc_size <= 0x8)?0x3:(__ramfunc_size <= 0x10)?0x4:(__ramfunc_size <= 0x20)?0x5:(__ramfunc_size <= 0x40)?0x6:(__ramfunc_size <= 0x80)?0x7:(__ramfunc_size <= 0x100)?0x8:(__ramfunc_size <= 0x200)?0x9:(__ramfunc_size <= 0x400)?0xa:(__ramfunc_size <= 0x800)?0xb:(__ramfunc_size <= 0x1000)?0xc:(__ramfunc_size <= 0x2000)?0xd:(__ramfunc_size <= 0x4000)?0xe:(__ramfunc_size <= 0x8000)?0xf:(__ramfunc_size <= 0x10000)?0x10:(__ramfunc_size <= 0x20000)?0x11:(__ramfunc_size <= 0x40000)?0x12:(__ramfunc_size <= 0x80000)?0x13:(__ramfunc_size <= 0x100000)?0x14:(__ramfunc_size <= 0x200000)?0x15:(__ramfunc_size <= 0x400000)?0x16:(__ramfunc_size <= 0x800000)?0x17:(__ramfunc_size <= 0x1000000)?0x18:(__ramfunc_size <= 0x2000000)?0x19:(__ramfunc_size <= 0x4000000)?0x1a:(__ramfunc_size <= 0x8000000)?0x1b:(__ramfunc_size <= 0x10000000)?0x1c:(__ramfunc_size <= 0x20000000)?0x1d:(__ramfunc_size <= 0x40000000)?0x1e:(__ramfunc_size <= 0x80000000)?0x1f:0x20))
                0x0000000020000000                __ramfunc_start = .
 *(SORT_BY_ALIGNMENT(.ramfunc))
 *(SORT_BY_ALIGNMENT(.ramfunc.*))
                0x0000000020000000                . = ALIGN (_region_min_align)
                0x0000000020000000                . = ALIGN ((0x1 << (__ramfunc_size <= 0x4)?0x2:(__ramfunc_size <= 0x8)?0x3:(__ramfunc_size <= 0x10)?0x4:(__ramfunc_size <= 0x20)?0x5:(__ramfunc_size <= 0x40)?0x6:(__ramfunc_size <= 0x80)?0x7:(__ramfunc_size <= 0x100)?0x8:(__ramfunc_size <= 0x200)?0x9:(__ramfunc_size <= 0x400)?0xa:(__ramfunc_size <= 0x800)?0xb:(__ramfunc_size <= 0x1000)?0xc:(__ramfunc_size <= 0x2000)?0xd:(__ramfunc_size <= 0x4000)?0xe:(__ramfunc_size <= 0x8000)?0xf:(__ramfunc_size <= 0x10000)?0x10:(__ramfunc_size <= 0x20000)?0x11:(__ramfunc_size <= 0x40000)?0x12:(__ramfunc_size <= 0x80000)?0x13:(__ramfunc_size <= 0x100000)?0x14:(__ramfunc_size <= 0x200000)?0x15:(__ramfunc_size <= 0x400000)?0x16:(__ramfunc_size <= 0x800000)?0x17:(__ramfunc_size <= 0x1000000)?0x18:(__ramfunc_size <= 0x2000000)?0x19:(__ramfunc_size <= 0x4000000)?0x1a:(__ramfunc_size <= 0x8000000)?0x1b:(__ramfunc_size <= 0x10000000)?0x1c:(__ramfunc_size <= 0x20000000)?0x1d:(__ramfunc_size <= 0x40000000)?0x1e:(__ramfunc_size <= 0x80000000)?0x1f:0x20))
                0x0000000020000000                __ramfunc_end = .
                0x0000000000000000                __ramfunc_size = (__ramfunc_end - __ramfunc_start)
                0x0000000000006e70                __ramfunc_load_start = LOADADDR (.ramfunc)

datas           0x0000000020000000       0xb4 load address 0x0000000000006e70
                0x0000000020000000                __data_region_start = .
                0x0000000020000000                __data_start = .
 *(SORT_BY_ALIGNMENT(.data))
 *(SORT_BY_ALIGNMENT(.data.*))
 .data._char_out
                0x0000000020000000        0x4 zephyr/libzephyr.a(printk.c.obj)
                0x0000000020000000                _char_out
 .data.post_ops_done
                0x0000000020000004        0x4 zephyr/libzephyr.a(power.c.obj)
 .data._stdout_hook
                0x0000000020000008        0x4 zephyr/lib/libc/minimal/liblib__libc__minimal.a(stdout_console.c.obj)
 .data.sx1509b_drvdata
                0x000000002000000c       0x30 zephyr/drivers/gpio/libdrivers__gpio.a(gpio_sx1509b.c.obj)
 .data.twim_0_data
                0x000000002000003c       0x2c zephyr/drivers/i2c/libdrivers__i2c.a(i2c_nrfx_twim.c.obj)
 .data.twim_1_data
                0x0000000020000068       0x2c zephyr/drivers/i2c/libdrivers__i2c.a(i2c_nrfx_twim.c.obj)
 .data.uarte_0_data
                0x0000000020000094       0x14 zephyr/drivers/serial/libdrivers__serial.a(uart_nrfx_uarte.c.obj)
 .data.SystemCoreClock
                0x00000000200000a8        0x4 modules/hal_nordic/nrfx/libmodules__hal_nordic__nrfx.a(system_nrf52.c.obj)
                0x00000000200000a8                SystemCoreClock
 .data.timeout_list
                0x00000000200000ac        0x8 zephyr/kernel/libkernel.a(timeout.c.obj)
 *(SORT_BY_ALIGNMENT(.kernel.*))
                0x00000000200000b4                __data_end = .
                0x00000000000000b4                __data_size = (__data_end - __data_start)
                0x0000000000006e70                __data_load_start = LOADADDR (datas)
                0x0000000000006e70                __data_region_load_start = LOADADDR (datas)

device_states   0x00000000200000b4       0x3c load address 0x0000000000006f24
                0x00000000200000b4                __device_states_start = .
 *(SORT_BY_ALIGNMENT(.z_devstate))
 .z_devstate    0x00000000200000b4        0x8 zephyr/boards/arm/thingy52_nrf52832/libboards__arm__thingy52_nrf52832.a(board.c.obj)
 .z_devstate    0x00000000200000bc        0x4 zephyr/drivers/clock_control/libdrivers__clock_control.a(clock_control_nrf.c.obj)
 .z_devstate    0x00000000200000c0        0x4 zephyr/drivers/gpio/libdrivers__gpio.a(gpio_nrfx.c.obj)
 .z_devstate    0x00000000200000c4        0x4 zephyr/drivers/gpio/libdrivers__gpio.a(gpio_sx1509b.c.obj)
 .z_devstate    0x00000000200000c8        0x8 zephyr/drivers/i2c/libdrivers__i2c.a(i2c_nrfx_twim.c.obj)
 .z_devstate    0x00000000200000d0        0x4 zephyr/drivers/sensor/hts221/libdrivers__sensor__hts221.a(hts221.c.obj)
 .z_devstate    0x00000000200000d4       0x14 zephyr/drivers/regulator/libdrivers__regulator.a(regulator_fixed.c.obj)
 .z_devstate    0x00000000200000e8        0x4 zephyr/drivers/serial/libdrivers__serial.a(uart_nrfx_uarte.c.obj)
 .z_devstate    0x00000000200000ec        0x4 zephyr/drivers/timer/libdrivers__timer.a(sys_clock_init.c.obj)
 *(SORT_BY_ALIGNMENT(.z_devstate.*))
                0x00000000200000f0                __device_states_end = .

initshell       0x00000000200000f0        0x0 load address 0x0000000000006f60
                0x00000000200000f0                __shell_module_start = .
 *(SORT_BY_ALIGNMENT(.shell_module_*))
                0x00000000200000f0                __shell_module_end = .
                0x00000000200000f0                __shell_cmd_start = .
 *(SORT_BY_ALIGNMENT(.shell_cmd_*))
                0x00000000200000f0                __shell_cmd_end = .

log_dynamic_sections
                0x00000000200000f0        0x0 load address 0x0000000000006f60
                0x00000000200000f0                __log_dynamic_start = .
 *(SORT_BY_NAME(SORT_BY_ALIGNMENT(.log_dynamic_*)))
                0x00000000200000f0                __log_dynamic_end = .

_static_thread_data_area
                0x00000000200000f0        0x0 load address 0x0000000000006f60
                0x00000000200000f0                __static_thread_data_list_start = .
 *(SORT_BY_NAME(SORT_BY_ALIGNMENT(.__static_thread_data.static.*)))
                0x00000000200000f0                __static_thread_data_list_end = .

k_timer_area    0x00000000200000f0        0x0 load address 0x0000000000006f60
                0x00000000200000f0                _k_timer_list_start = .
 *(SORT_BY_NAME(SORT_BY_ALIGNMENT(._k_timer.static.*)))
                0x00000000200000f0                _k_timer_list_end = .

k_mem_slab_area
                0x00000000200000f0        0x0 load address 0x0000000000006f60
                0x00000000200000f0                _k_mem_slab_list_start = .
 *(SORT_BY_NAME(SORT_BY_ALIGNMENT(._k_mem_slab.static.*)))
                0x00000000200000f0                _k_mem_slab_list_end = .

k_mem_pool_area
                0x00000000200000f0        0x0 load address 0x0000000000006f60
                0x00000000200000f0                _k_mem_pool_list_start = .
 *(SORT_BY_NAME(SORT_BY_ALIGNMENT(._k_mem_pool.static.*)))
                0x00000000200000f0                _k_mem_pool_list_end = .

k_heap_area     0x00000000200000f0        0x0 load address 0x0000000000006f60
                0x00000000200000f0                _k_heap_list_start = .
 *(SORT_BY_NAME(SORT_BY_ALIGNMENT(._k_heap.static.*)))
                0x00000000200000f0                _k_heap_list_end = .

k_mutex_area    0x00000000200000f0        0x0 load address 0x0000000000006f60
                0x00000000200000f0                _k_mutex_list_start = .
 *(SORT_BY_NAME(SORT_BY_ALIGNMENT(._k_mutex.static.*)))
                0x00000000200000f0                _k_mutex_list_end = .

k_stack_area    0x00000000200000f0        0x0 load address 0x0000000000006f60
                0x00000000200000f0                _k_stack_list_start = .
 *(SORT_BY_NAME(SORT_BY_ALIGNMENT(._k_stack.static.*)))
                0x00000000200000f0                _k_stack_list_end = .

k_msgq_area     0x00000000200000f0        0x0 load address 0x0000000000006f60
                0x00000000200000f0                _k_msgq_list_start = .
 *(SORT_BY_NAME(SORT_BY_ALIGNMENT(._k_msgq.static.*)))
                0x00000000200000f0                _k_msgq_list_end = .

k_mbox_area     0x00000000200000f0        0x0 load address 0x0000000000006f60
                0x00000000200000f0                _k_mbox_list_start = .
 *(SORT_BY_NAME(SORT_BY_ALIGNMENT(._k_mbox.static.*)))
                0x00000000200000f0                _k_mbox_list_end = .

k_pipe_area     0x00000000200000f0        0x0 load address 0x0000000000006f60
                0x00000000200000f0                _k_pipe_list_start = .
 *(SORT_BY_NAME(SORT_BY_ALIGNMENT(._k_pipe.static.*)))
                0x00000000200000f0                _k_pipe_list_end = .

k_sem_area      0x00000000200000f0        0x0 load address 0x0000000000006f60
                0x00000000200000f0                _k_sem_list_start = .
 *(SORT_BY_NAME(SORT_BY_ALIGNMENT(._k_sem.static.*)))
                0x00000000200000f0                _k_sem_list_end = .

k_event_area    0x00000000200000f0        0x0 load address 0x0000000000006f60
                0x00000000200000f0                _k_event_list_start = .
 *(SORT_BY_NAME(SORT_BY_ALIGNMENT(._k_event.static.*)))
                0x00000000200000f0                _k_event_list_end = .

k_queue_area    0x00000000200000f0        0x0 load address 0x0000000000006f60
                0x00000000200000f0                _k_queue_list_start = .
 *(SORT_BY_NAME(SORT_BY_ALIGNMENT(._k_queue.static.*)))
                0x00000000200000f0                _k_queue_list_end = .

k_condvar_area  0x00000000200000f0        0x0 load address 0x0000000000006f60
                0x00000000200000f0                _k_condvar_list_start = .
 *(SORT_BY_NAME(SORT_BY_ALIGNMENT(._k_condvar.static.*)))
                0x00000000200000f0                _k_condvar_list_end = .

_net_buf_pool_area
                0x00000000200000f0        0x0 load address 0x0000000000006f60
                0x00000000200000f0                _net_buf_pool_list = .
 *(SORT_BY_NAME(SORT_BY_ALIGNMENT(._net_buf_pool.static.*)))
                0x00000000200000f0                __data_region_end = .

bss             0x00000000200000f0      0x991
                0x00000000200000f0                . = ALIGN (0x4)
                0x00000000200000f0                __bss_start = .
                0x00000000200000f0                __kernel_ram_start = .
 *(SORT_BY_ALIGNMENT(.bss))
 *(SORT_BY_ALIGNMENT(.bss.*))
 .bss.regulator_2_data
                0x00000000200000f0       0x58 zephyr/drivers/regulator/libdrivers__regulator.a(regulator_fixed.c.obj)
 .bss.regulator_3_data
                0x0000000020000148       0x58 zephyr/drivers/regulator/libdrivers__regulator.a(regulator_fixed.c.obj)
 .bss.regulator_4_data
                0x00000000200001a0       0x58 zephyr/drivers/regulator/libdrivers__regulator.a(regulator_fixed.c.obj)
 .bss.z_idle_threads
                0x00000000200001f8       0x80 zephyr/kernel/libkernel.a(init.c.obj)
                0x00000000200001f8                z_idle_threads
 .bss.z_main_thread
                0x0000000020000278       0x80 zephyr/kernel/libkernel.a(init.c.obj)
                0x0000000020000278                z_main_thread
 .bss.curr_tick
                0x00000000200002f8        0x8 zephyr/kernel/libkernel.a(timeout.c.obj)
 .bss.k_sys_work_q
                0x0000000020000300       0xa0 zephyr/kernel/libkernel.a(system_work_q.c.obj)
                0x0000000020000300                k_sys_work_q
 .bss.pm_notifiers
                0x00000000200003a0        0x8 zephyr/libzephyr.a(power.c.obj)
 .bss.z_power_state
                0x00000000200003a8        0xc zephyr/libzephyr.a(power.c.obj)
 .bss.dynamic_regions.0
                0x00000000200003b4        0xc zephyr/arch/arch/arm/core/aarch32/mpu/libarch__arm__core__aarch32__mpu.a(arm_core_mpu.c.obj)
 .bss.cli.2     0x00000000200003c0       0x10 zephyr/drivers/clock_control/libdrivers__clock_control.a(clock_control_nrf.c.obj)
 .bss.data      0x00000000200003d0       0x50 zephyr/drivers/clock_control/libdrivers__clock_control.a(clock_control_nrf.c.obj)
 .bss.hfclk_users
                0x0000000020000420        0x4 zephyr/drivers/clock_control/libdrivers__clock_control.a(clock_control_nrf.c.obj)
 .bss.on.3      0x0000000020000424        0x4 zephyr/drivers/clock_control/libdrivers__clock_control.a(clock_control_nrf.c.obj)
 .bss.gpio_nrfx_p0_data
                0x0000000020000428       0x1c zephyr/drivers/gpio/libdrivers__gpio.a(gpio_nrfx.c.obj)
 .bss.hts221_driver
                0x0000000020000444       0x44 zephyr/drivers/sensor/hts221/libdrivers__sensor__hts221.a(hts221.c.obj)
 .bss.regulator_0_data
                0x0000000020000488        0x4 zephyr/drivers/regulator/libdrivers__regulator.a(regulator_fixed.c.obj)
 .bss.regulator_1_data
                0x000000002000048c        0x4 zephyr/drivers/regulator/libdrivers__regulator.a(regulator_fixed.c.obj)
 .bss.cc_data   0x0000000020000490        0x8 zephyr/drivers/timer/libdrivers__timer.a(nrf_rtc_timer.c.obj)
 .bss.int_mask  0x0000000020000498        0x4 zephyr/drivers/timer/libdrivers__timer.a(nrf_rtc_timer.c.obj)
 .bss.last_count
                0x000000002000049c        0x4 zephyr/drivers/timer/libdrivers__timer.a(nrf_rtc_timer.c.obj)
 .bss.m_clock_cb
                0x00000000200004a0        0x8 modules/hal_nordic/nrfx/libmodules__hal_nordic__nrfx.a(nrfx_clock.c.obj)
 .bss.m_cb      0x00000000200004a8       0x50 modules/hal_nordic/nrfx/libmodules__hal_nordic__nrfx.a(nrfx_gpiote.c.obj)
 .bss.m_channels_allocated
                0x00000000200004f8        0x4 modules/hal_nordic/nrfx/libmodules__hal_nordic__nrfx.a(nrfx_ppi.c.obj)
 .bss.m_cb      0x00000000200004fc       0x68 modules/hal_nordic/nrfx/libmodules__hal_nordic__nrfx.a(nrfx_twim.c.obj)
 .bss._SEGGER_RTT
                0x0000000020000564       0xa8 modules/segger/libmodules__segger.a(SEGGER_RTT.c.obj)
                0x0000000020000564                _SEGGER_RTT
 .bss._kernel   0x000000002000060c       0x28 zephyr/kernel/libkernel.a(init.c.obj)
                0x000000002000060c                _kernel
 .bss.pending_cancels
                0x0000000020000634        0x8 zephyr/kernel/libkernel.a(work.c.obj)
 .bss.pending_current
                0x000000002000063c        0x4 zephyr/kernel/libkernel.a(sched.c.obj)
 .bss.slice_max_prio
                0x0000000020000640        0x4 zephyr/kernel/libkernel.a(sched.c.obj)
 .bss.slice_time
                0x0000000020000644        0x4 zephyr/kernel/libkernel.a(sched.c.obj)
 .bss.announce_remaining
                0x0000000020000648        0x4 zephyr/kernel/libkernel.a(timeout.c.obj)
 .bss.static_regions_num
                0x000000002000064c        0x1 zephyr/arch/arch/arm/core/aarch32/mpu/libarch__arm__core__aarch32__mpu.a(arm_mpu.c.obj)
 .bss.once.1    0x000000002000064d        0x1 zephyr/drivers/clock_control/libdrivers__clock_control.a(clock_control_nrf.c.obj)
 .bss.host_present
                0x000000002000064e        0x1 zephyr/drivers/console/libdrivers__console.a(rtt_console.c.obj)
 .bss.gpio_initialized.0
                0x000000002000064f        0x1 zephyr/drivers/gpio/libdrivers__gpio.a(gpio_nrfx.c.obj)
 .bss.twim_0_msg_buf
                0x0000000020000650       0x10 zephyr/drivers/i2c/libdrivers__i2c.a(i2c_nrfx_twim.c.obj)
 .bss.twim_1_msg_buf
                0x0000000020000660       0x10 zephyr/drivers/i2c/libdrivers__i2c.a(i2c_nrfx_twim.c.obj)
 .bss._acDownBuffer
                0x0000000020000670       0x10 modules/segger/libmodules__segger.a(SEGGER_RTT.c.obj)
 .bss._acUpBuffer
                0x0000000020000680      0x400 modules/segger/libmodules__segger.a(SEGGER_RTT.c.obj)
 .bss.z_sys_post_kernel
                0x0000000020000a80        0x1 zephyr/kernel/libkernel.a(init.c.obj)
                0x0000000020000a80                z_sys_post_kernel
 .bss.lock      0x0000000020000a81        0x0 zephyr/kernel/libkernel.a(sem.c.obj)
 .bss.lock      0x0000000020000a81        0x0 zephyr/kernel/libkernel.a(work.c.obj)
 .bss.sched_spinlock
                0x0000000020000a81        0x0 zephyr/kernel/libkernel.a(sched.c.obj)
                0x0000000020000a81                sched_spinlock
 *(SORT_BY_ALIGNMENT(COMMON))
 *(SORT_BY_ALIGNMENT(.kernel_bss.*))
                0x0000000020000a84                __bss_end = ALIGN (0x4)

noinit          0x0000000020000aa0     0x11c0
 *(SORT_BY_ALIGNMENT(.noinit))
 *(SORT_BY_ALIGNMENT(.noinit.*))
 .noinit."WEST_TOPDIR/zephyr/kernel/init.c".0
                0x0000000020000aa0      0x420 zephyr/kernel/libkernel.a(init.c.obj)
                0x0000000020000aa0                z_main_stack
 .noinit."WEST_TOPDIR/zephyr/kernel/init.c".1
                0x0000000020000ec0      0x160 zephyr/kernel/libkernel.a(init.c.obj)
 .noinit."WEST_TOPDIR/zephyr/kernel/init.c".2
                0x0000000020001020      0x820 zephyr/kernel/libkernel.a(init.c.obj)
                0x0000000020001020                z_interrupt_stacks
 .noinit."WEST_TOPDIR/zephyr/kernel/system_work_q.c".0
                0x0000000020001840      0x420 zephyr/kernel/libkernel.a(system_work_q.c.obj)
 *(SORT_BY_ALIGNMENT(.kernel_noinit.*))
                0x0000000020001c60                _image_ram_end = .
                0x0000000020001c60                _end = .
                0x0000000020010000                __kernel_ram_end = 0x20010000
                0x000000000000ff10                __kernel_ram_size = (__kernel_ram_end - __kernel_ram_start)

.stab
 *(SORT_BY_ALIGNMENT(.stab))

.stabstr
 *(SORT_BY_ALIGNMENT(.stabstr))

.stab.excl
 *(SORT_BY_ALIGNMENT(.stab.excl))

.stab.exclstr
 *(SORT_BY_ALIGNMENT(.stab.exclstr))

.stab.index
 *(SORT_BY_ALIGNMENT(.stab.index))

.stab.indexstr
 *(SORT_BY_ALIGNMENT(.stab.indexstr))

.gnu.build.attributes
 *(SORT_BY_ALIGNMENT(.gnu.build.attributes) SORT_BY_ALIGNMENT(.gnu.build.attributes.*))

.comment        0x0000000000000000       0x2e
 *(SORT_BY_ALIGNMENT(.comment))
 .comment       0x0000000000000000       0x2e zephyr/CMakeFiles/zephyr_final.dir/isr_tables.c.obj
                                         0x2f (size before relaxing)
 .comment       0x000000000000002e       0x2f zephyr/CMakeFiles/zephyr_final.dir/dev_handles.c.obj
 .comment       0x000000000000002e       0x2f zephyr/CMakeFiles/offsets.dir/./arch/arm/core/offsets/offsets.c.obj
 .comment       0x000000000000002e       0x2f app/libapp.a(main.c.obj)
 .comment       0x000000000000002e       0x2f zephyr/libzephyr.a(notify.c.obj)
 .comment       0x000000000000002e       0x2f zephyr/libzephyr.a(printk.c.obj)
 .comment       0x000000000000002e       0x2f zephyr/libzephyr.a(onoff.c.obj)
 .comment       0x000000000000002e       0x2f zephyr/libzephyr.a(thread_entry.c.obj)
 .comment       0x000000000000002e       0x2f zephyr/libzephyr.a(cbprintf_complete.c.obj)
 .comment       0x000000000000002e       0x2f zephyr/libzephyr.a(configs.c.obj)
 .comment       0x000000000000002e       0x2f zephyr/libzephyr.a(power.c.obj)
 .comment       0x000000000000002e       0x2f zephyr/libzephyr.a(policy_residency.c.obj)
 .comment       0x000000000000002e       0x2f zephyr/arch/arch/arm/core/aarch32/libarch__arm__core__aarch32.a(fatal.c.obj)